Archive member included to satisfy reference by file (symbol)

platform/libplatform.a(tusb.c.obj)
                              (--whole-archive)
platform/libplatform.a(tusb_fifo.c.obj)
                              (--whole-archive)
platform/libplatform.a(usbd.c.obj)
                              (--whole-archive)
platform/libplatform.a(usbd_control.c.obj)
                              (--whole-archive)
platform/libplatform.a(vendor_device.c.obj)
                              (--whole-archive)
platform/libplatform.a(msc_device.c.obj)
                              (--whole-archive)
platform/libplatform.a(dcd_dwc2.c.obj)
                              (--whole-archive)
platform/libplatform.a(dwc2_common.c.obj)
                              (--whole-archive)
platform/libplatform.a(family.c.obj)
                              (--whole-archive)
platform/libplatform.a(tlsf.c.obj)
                              (--whole-archive)
platform/libplatform.a(ff.c.obj)
                              (--whole-archive)
platform/libplatform.a(ffsystem.c.obj)
                              (--whole-archive)
platform/libplatform.a(ffunicode.c.obj)
                              (--whole-archive)
platform/libplatform.a(diskio.c.obj)
                              (--whole-archive)
platform/libplatform.a(tasks.c.obj)
                              (--whole-archive)
platform/libplatform.a(queue.c.obj)
                              (--whole-archive)
platform/libplatform.a(list.c.obj)
                              (--whole-archive)
platform/libplatform.a(timers.c.obj)
                              (--whole-archive)
platform/libplatform.a(event_groups.c.obj)
                              (--whole-archive)
platform/libplatform.a(stream_buffer.c.obj)
                              (--whole-archive)
platform/libplatform.a(heap_3.c.obj)
                              (--whole-archive)
platform/libplatform.a(fatfs_port.c.obj)
                              (--whole-archive)
platform/libplatform.a(fatfs_port_test.c.obj)
                              (--whole-archive)
platform/libplatform.a(fatfs_port_vfs.c.obj)
                              (--whole-archive)
platform/libplatform.a(fatfs_port_vfs_test.c.obj)
                              (--whole-archive)
platform/libplatform.a(freertos_port.c.obj)
                              (--whole-archive)
platform/libplatform.a(port.c.obj)
                              (--whole-archive)
platform/libplatform.a(lcd.c.obj)
                              (--whole-archive)
platform/libplatform.a(lcd_fonts.c.obj)
                              (--whole-archive)
platform/libplatform.a(lcd_test.c.obj)
                              (--whole-archive)
platform/libplatform.a(malloc_wrap.c.obj)
                              (--whole-archive)
platform/libplatform.a(mem.c.obj)
                              (--whole-archive)
platform/libplatform.a(qspi_w25q64.c.obj)
                              (--whole-archive)
platform/libplatform.a(qspi_w25q64_test.c.obj)
                              (--whole-archive)
platform/libplatform.a(sd.c.obj)
                              (--whole-archive)
platform/libplatform.a(sd_test.c.obj)
                              (--whole-archive)
platform/libplatform.a(sdram.c.obj)
                              (--whole-archive)
platform/libplatform.a(sdram_test.c.obj)
                              (--whole-archive)
platform/libplatform.a(system.c.obj)
                              (--whole-archive)
platform/libplatform.a(tusb_port.c.obj)
                              (--whole-archive)
platform/libplatform.a(tlsf_port.c.obj)
                              (--whole-archive)
platform/libplatform.a(tlsf_port_test.c.obj)
                              (--whole-archive)
platform/libplatform.a(uart.c.obj)
                              (--whole-archive)
platform/libplatform.a(uart_test.c.obj)
                              (--whole-archive)
platform/libplatform.a(uart_vfs.c.obj)
                              (--whole-archive)
platform/libplatform.a(usb_msc.c.obj)
                              (--whole-archive)
platform/libplatform.a(vendor.c.obj)
                              (--whole-archive)
platform/libplatform.a(vendor_flash.c.obj)
                              (--whole-archive)
platform/libplatform.a(list.c.obj)
                              (--whole-archive)
platform/libplatform.a(vfs.c.obj)
                              (--whole-archive)
C:/Program Files/Arm/GNU Toolchain mingw-w64-x86_64-arm-none-eabi/bin/../lib/gcc/arm-none-eabi/15.2.1/thumb/v7e-m+dp/hard\libgcc.a(_aeabi_uldivmod.o)
                              CMakeFiles/h743.elf.dir/Drivers/STM32H7xx_HAL_Driver/Src/stm32h7xx_hal_uart.c.obj (__aeabi_uldivmod)
C:/Program Files/Arm/GNU Toolchain mingw-w64-x86_64-arm-none-eabi/bin/../lib/gcc/arm-none-eabi/15.2.1/thumb/v7e-m+dp/hard\libgcc.a(_udivmoddi4.o)
[...]
Memory Configuration

Name             Origin             Length             Attributes
FLASH            0x08000000         0x00200000         xr
ITCMRAM          0x00000000         0x00010000         xrw
DTCMRAM          0x20000000         0x00020000         xrw
RAM_D1           0x24000000         0x00080000         xrw
RAM_D2           0x30000000         0x00048000         xrw
RAM_D3           0x38000000         0x00010000         xrw
BKPRAM           0x38800000         0x00001000         xrw
EX_FLASH         0x90000000         0x00800000         xr
SDRAM            0xc0000000         0x02000000         xrw
*default*        0x00000000         0xffffffff

Linker script and memory map

LOAD C:/Program Files/Arm/GNU Toolchain mingw-w64-x86_64-arm-none-eabi/bin/../lib/gcc/arm-none-eabi/15.2.1/thumb/v7e-m+dp/hard/crti.o
LOAD C:/Program Files/Arm/GNU Toolchain mingw-w64-x86_64-arm-none-eabi/bin/../lib/gcc/arm-none-eabi/15.2.1/thumb/v7e-m+dp/hard/crtbegin.o
LOAD C:/Program Files/Arm/GNU Toolchain mingw-w64-x86_64-arm-none-eabi/bin/../lib/gcc/arm-none-eabi/15.2.1/../../../../arm-none-eabi/lib/thumb/v7e-m+dp/hard/crt0.o
LOAD CMakeFiles/h743.elf.dir/Core/Src/dma.c.obj
LOAD CMakeFiles/h743.elf.dir/Core/Src/fmc.c.obj
LOAD CMakeFiles/h743.elf.dir/Core/Src/gpio.c.obj
LOAD CMakeFiles/h743.elf.dir/Core/Src/ltdc.c.obj
LOAD CMakeFiles/h743.elf.dir/Core/Src/main.c.obj
LOAD CMakeFiles/h743.elf.dir/Core/Src/mdma.c.obj
LOAD CMakeFiles/h743.elf.dir/Core/Src/quadspi.c.obj
LOAD CMakeFiles/h743.elf.dir/Core/Src/rtc.c.obj
LOAD CMakeFiles/h743.elf.dir/Core/Src/sdmmc.c.obj
LOAD CMakeFiles/h743.elf.dir/Core/Src/stm32h7xx_hal_msp.c.obj
LOAD CMakeFiles/h743.elf.dir/Core/Src/stm32h7xx_hal_timebase_tim.c.obj
LOAD CMakeFiles/h743.elf.dir/Core/Src/stm32h7xx_it.c.obj
LOAD CMakeFiles/h743.elf.dir/Core/Src/syscalls.c.obj
LOAD CMakeFiles/h743.elf.dir/Core/Src/sysmem.c.obj
LOAD CMakeFiles/h743.elf.dir/Core/Src/system_stm32h7xx.c.obj
LOAD CMakeFiles/h743.elf.dir/Core/Src/usart.c.obj
LOAD CMakeFiles/h743.elf.dir/Core/Src/usb_otg.c.obj
LOAD CMakeFiles/h743.elf.dir/Core/Startup/startup_stm32h743iitx.s.obj
LOAD CMakeFiles/h743.elf.dir/Drivers/STM32H7xx_HAL_Driver/Src/stm32h7xx_hal.c.obj
LOAD CMakeFiles/h743.elf.dir/Drivers/STM32H7xx_HAL_Driver/Src/stm32h7xx_hal_cortex.c.obj
LOAD CMakeFiles/h743.elf.dir/Drivers/STM32H7xx_HAL_Driver/Src/stm32h7xx_hal_dma.c.obj
LOAD CMakeFiles/h743.elf.dir/Drivers/STM32H7xx_HAL_Driver/Src/stm32h7xx_hal_dma_ex.c.obj
LOAD CMakeFiles/h743.elf.dir/Drivers/STM32H7xx_HAL_Driver/Src/stm32h7xx_hal_exti.c.obj
LOAD CMakeFiles/h743.elf.dir/Drivers/STM32H7xx_HAL_Driver/Src/stm32h7xx_hal_flash.c.obj
LOAD CMakeFiles/h743.elf.dir/Drivers/STM32H7xx_HAL_Driver/Src/stm32h7xx_hal_flash_ex.c.obj
LOAD CMakeFiles/h743.elf.dir/Drivers/STM32H7xx_HAL_Driver/Src/stm32h7xx_hal_gpio.c.obj
LOAD CMakeFiles/h743.elf.dir/Drivers/STM32H7xx_HAL_Driver/Src/stm32h7xx_hal_hsem.c.obj
LOAD CMakeFiles/h743.elf.dir/Drivers/STM32H7xx_HAL_Driver/Src/stm32h7xx_hal_i2c.c.obj
LOAD CMakeFiles/h743.elf.dir/Drivers/STM32H7xx_HAL_Driver/Src/stm32h7xx_hal_i2c_ex.c.obj
LOAD CMakeFiles/h743.elf.dir/Drivers/STM32H7xx_HAL_Driver/Src/stm32h7xx_hal_ltdc.c.obj
LOAD CMakeFiles/h743.elf.dir/Drivers/STM32H7xx_HAL_Driver/Src/stm32h7xx_hal_ltdc_ex.c.obj
LOAD CMakeFiles/h743.elf.dir/Drivers/STM32H7xx_HAL_Driver/Src/stm32h7xx_hal_mdma.c.obj
LOAD CMakeFiles/h743.elf.dir/Drivers/STM32H7xx_HAL_Driver/Src/stm32h7xx_hal_mmc.c.obj
LOAD CMakeFiles/h743.elf.dir/Drivers/STM32H7xx_HAL_Driver/Src/stm32h7xx_hal_mmc_ex.c.obj
LOAD CMakeFiles/h743.elf.dir/Drivers/STM32H7xx_HAL_Driver/Src/stm32h7xx_hal_nand.c.obj
LOAD CMakeFiles/h743.elf.dir/Drivers/STM32H7xx_HAL_Driver/Src/stm32h7xx_hal_nor.c.obj
LOAD CMakeFiles/h743.elf.dir/Drivers/STM32H7xx_HAL_Driver/Src/stm32h7xx_hal_pcd.c.obj
LOAD CMakeFiles/h743.elf.dir/Drivers/STM32H7xx_HAL_Driver/Src/stm32h7xx_hal_pcd_ex.c.obj
LOAD CMakeFiles/h743.elf.dir/Drivers/STM32H7xx_HAL_Driver/Src/stm32h7xx_hal_pwr.c.obj
LOAD CMakeFiles/h743.elf.dir/Drivers/STM32H7xx_HAL_Driver/Src/stm32h7xx_hal_pwr_ex.c.obj
LOAD CMakeFiles/h743.elf.dir/Drivers/STM32H7xx_HAL_Driver/Src/stm32h7xx_hal_qspi.c.obj
LOAD CMakeFiles/h743.elf.dir/Drivers/STM32H7xx_HAL_Driver/Src/stm32h7xx_hal_rcc.c.obj
LOAD CMakeFiles/h743.elf.dir/Drivers/STM32H7xx_HAL_Driver/Src/stm32h7xx_hal_rcc_ex.c.obj
LOAD CMakeFiles/h743.elf.dir/Drivers/STM32H7xx_HAL_Driver/Src/stm32h7xx_hal_rtc.c.obj
LOAD CMakeFiles/h743.elf.dir/Drivers/STM32H7xx_HAL_Driver/Src/stm32h7xx_hal_rtc_ex.c.obj
LOAD CMakeFiles/h743.elf.dir/Drivers/STM32H7xx_HAL_Driver/Src/stm32h7xx_hal_sd.c.obj
LOAD CMakeFiles/h743.elf.dir/Drivers/STM32H7xx_HAL_Driver/Src/stm32h7xx_hal_sd_ex.c.obj
LOAD CMakeFiles/h743.elf.dir/Drivers/STM32H7xx_HAL_Driver/Src/stm32h7xx_hal_sdram.c.obj
LOAD CMakeFiles/h743.elf.dir/Drivers/STM32H7xx_HAL_Driver/Src/stm32h7xx_hal_sram.c.obj
LOAD CMakeFiles/h743.elf.dir/Drivers/STM32H7xx_HAL_Driver/Src/stm32h7xx_hal_tim.c.obj
LOAD CMakeFiles/h743.elf.dir/Drivers/STM32H7xx_HAL_Driver/Src/stm32h7xx_hal_tim_ex.c.obj
LOAD CMakeFiles/h743.elf.dir/Drivers/STM32H7xx_HAL_Driver/Src/stm32h7xx_hal_uart.c.obj
LOAD CMakeFiles/h743.elf.dir/Drivers/STM32H7xx_HAL_Driver/Src/stm32h7xx_hal_uart_ex.c.obj
LOAD CMakeFiles/h743.elf.dir/Drivers/STM32H7xx_HAL_Driver/Src/stm32h7xx_ll_delayblock.c.obj
LOAD CMakeFiles/h743.elf.dir/Drivers/STM32H7xx_HAL_Driver/Src/stm32h7xx_ll_fmc.c.obj
LOAD CMakeFiles/h743.elf.dir/Drivers/STM32H7xx_HAL_Driver/Src/stm32h7xx_ll_sdmmc.c.obj
LOAD CMakeFiles/h743.elf.dir/Drivers/STM32H7xx_HAL_Driver/Src/stm32h7xx_ll_usb.c.obj
LOAD platform/libplatform.a
START GROUP
LOAD C:/Program Files/Arm/GNU Toolchain mingw-w64-x86_64-arm-none-eabi/bin/../lib/gcc/arm-none-eabi/15.2.1/thumb/v7e-m+dp/hard\libgcc.a
LOAD C:/Program Files/Arm/GNU Toolchain mingw-w64-x86_64-arm-none-eabi/bin/../lib/gcc/arm-none-eabi/15.2.1/../../../../arm-none-eabi/lib/thumb/v7e-m+dp/hard\libc.a
END GROUP
LOAD C:/Program Files/Arm/GNU Toolchain mingw-w64-x86_64-arm-none-eabi/bin/../lib/gcc/arm-none-eabi/15.2.1/thumb/v7e-m+dp/hard/crtend.o
LOAD C:/Program Files/Arm/GNU Toolchain mingw-w64-x86_64-arm-none-eabi/bin/../lib/gcc/arm-none-eabi/15.2.1/thumb/v7e-m+dp/hard/crtn.o
                0x24080000                        _estack = (ORIGIN (RAM_D1) + LENGTH (RAM_D1))
                0x00000200                        _Min_Heap_Size = 0x200
                0x00000400                        _Min_Stack_Size = 0x400

.isr_vector     0x08000000      0x298
                0x08000000                        . = ALIGN (0x4)
 *(.isr_vector)
 .isr_vector    0x08000000      0x298 CMakeFiles/h743.elf.dir/Core/Startup/startup_stm32h743iitx.s.obj
                0x08000000                g_pfnVectors
                0x08000298                        . = ALIGN (0x4)

.text           0x080002c0    0x1a2b0
                0x080002c0                        . = ALIGN (0x4)
 *(.text)
 .text          0x080002c0       0x30 C:/Program Files/Arm/GNU Toolchain mingw-w64-x86_64-arm-none-eabi/bin/../lib/gcc/arm-none-eabi/15.2.1/thumb/v7e-m+dp/hard\libgcc.a(_aeabi_uldivmod.o)
                0x080002c0                __aeabi_uldivmod
 .text          0x080002f0        0x4 C:/Program Files/Arm/GNU Toolchain mingw-w64-x86_64-arm-none-eabi/bin/../lib/gcc/arm-none-eabi/15.2.1/thumb/v7e-m+dp/hard\libgcc.a(_dvmd_tls.o)
                0x080002f0                __aeabi_idiv0
                0x080002f0                __aeabi_ldiv0
 *fill*         0x080002f4        0xc 
 .text          0x08000300       0xa0 C:/Program Files/Arm/GNU Toolchain mingw-w64-x86_64-arm-none-eabi/bin/../lib/gcc/arm-none-eabi/15.2.1/../../../../arm-none-eabi/lib/thumb/v7e-m+dp/hard\libc.a(libc_a-memchr.o)
                0x08000300                memchr
 .text          0x080003a0      0x134 C:/Program Files/Arm/GNU Toolchain mingw-w64-x86_64-arm-none-eabi/bin/../lib/gcc/arm-none-eabi/15.2.1/../../../../arm-none-eabi/lib/thumb/v7e-m+dp/hard\libc.a(libc_a-memcpy.o)
                0x080003a0                memcpy
 *fill*         0x080004d4       0x2c 
 .text          0x08000500       0xd8 C:/Program Files/Arm/GNU Toolchain mingw-w64-x86_64-arm-none-eabi/bin/../lib/gcc/arm-none-eabi/15.2.1/../../../../arm-none-eabi/lib/thumb/v7e-m+dp/hard\libc.a(libc_a-strlen.o)
                0x08000500                strlen
 *(.text*)
 .text.deregister_tm_clones
                0x080005d8       0x1c C:/Program Files/Arm/GNU Toolchain mingw-w64-x86_64-arm-none-eabi/bin/../lib/gcc/arm-none-eabi/15.2.1/thumb/v7e-m+dp/hard/crtbegin.o
 .text.register_tm_clones
                0x080005f4       0x24 C:/Program Files/Arm/GNU Toolchain mingw-w64-x86_64-arm-none-eabi/bin/../lib/gcc/arm-none-eabi/15.2.1/thumb/v7e-m+dp/hard/crtbegin.o
 .text.__do_global_dtors_aux
                0x08000618       0x28 C:/Program Files/Arm/GNU Toolchain mingw-w64-x86_64-arm-none-eabi/bin/../lib/gcc/arm-none-eabi/15.2.1/thumb/v7e-m+dp/hard/crtbegin.o
 .text.frame_dummy
                0x08000640       0x24 C:/Program Files/Arm/GNU Toolchain mingw-w64-x86_64-arm-none-eabi/bin/../lib/gcc/arm-none-eabi/15.2.1/thumb/v7e-m+dp/hard/crtbegin.o
 .text.MX_DMA_Init
                0x08000664       0x48 CMakeFiles/h743.elf.dir/Core/Src/dma.c.obj
                0x08000664                MX_DMA_Init
 .text.HAL_FMC_MspInit
                0x080006ac      0x118 CMakeFiles/h743.elf.dir/Core/Src/fmc.c.obj
 .text.MX_FMC_Init
                0x080007c4       0x84 CMakeFiles/h743.elf.dir/Core/Src/fmc.c.obj
                0x080007c4                MX_FMC_Init
 .text.HAL_SDRAM_MspInit
                0x08000848        0x8 CMakeFiles/h743.elf.dir/Core/Src/fmc.c.obj
                0x08000848                HAL_SDRAM_MspInit
 .text.MX_GPIO_Init
                0x08000850      0x118 CMakeFiles/h743.elf.dir/Core/Src/gpio.c.obj
                0x08000850                MX_GPIO_Init
 .text.MPU_Config
                0x08000968       0x78 CMakeFiles/h743.elf.dir/Core/Src/main.c.obj
 .text.HAL_TIM_PeriodElapsedCallback
                0x080009e0       0x18 CMakeFiles/h743.elf.dir/Core/Src/main.c.obj
                0x080009e0                HAL_TIM_PeriodElapsedCallback
 .text.Error_Handler
                0x080009f8        0x4 CMakeFiles/h743.elf.dir/Core/Src/main.c.obj
                0x080009f8                Error_Handler
 .text.SystemClock_Config
                0x080009fc       0xc8 CMakeFiles/h743.elf.dir/Core/Src/main.c.obj
                0x080009fc                SystemClock_Config
 .text.main     0x08000ac4      0x144 CMakeFiles/h743.elf.dir/Core/Src/main.c.obj
                0x08000ac4                main
 .text.MX_MDMA_Init
                0x08000c08       0x38 CMakeFiles/h743.elf.dir/Core/Src/mdma.c.obj
                0x08000c08                MX_MDMA_Init
 .text.MX_QUADSPI_Init
                0x08000c40       0x3c CMakeFiles/h743.elf.dir/Core/Src/quadspi.c.obj
                0x08000c40                MX_QUADSPI_Init
 .text.HAL_QSPI_MspInit
                0x08000c7c      0x184 CMakeFiles/h743.elf.dir/Core/Src/quadspi.c.obj
                0x08000c7c                HAL_QSPI_MspInit
 .text.MX_RTC_Init
                0x08000e00       0x34 CMakeFiles/h743.elf.dir/Core/Src/rtc.c.obj
                0x08000e00                MX_RTC_Init
 .text.HAL_RTC_MspInit
                0x08000e34       0x50 CMakeFiles/h743.elf.dir/Core/Src/rtc.c.obj
                0x08000e34                HAL_RTC_MspInit
 .text.MX_SDMMC1_SD_Init
                0x08000e84       0x30 CMakeFiles/h743.elf.dir/Core/Src/sdmmc.c.obj
                0x08000e84                MX_SDMMC1_SD_Init
 .text.HAL_SD_MspInit
                0x08000eb4       0xe0 CMakeFiles/h743.elf.dir/Core/Src/sdmmc.c.obj
                0x08000eb4                HAL_SD_MspInit
 .text.HAL_MspInit
                0x08000f94       0x24 CMakeFiles/h743.elf.dir/Core/Src/stm32h7xx_hal_msp.c.obj
                0x08000f94                HAL_MspInit
 .text.HAL_InitTick
                0x08000fb8       0x9c CMakeFiles/h743.elf.dir/Core/Src/stm32h7xx_hal_timebase_tim.c.obj
                0x08000fb8                HAL_InitTick
 .text.NMI_Handler
                0x08001054        0x2 CMakeFiles/h743.elf.dir/Core/Src/stm32h7xx_it.c.obj
                0x08001054                NMI_Handler
 .text.HardFault_Handler
                0x08001056        0x2 CMakeFiles/h743.elf.dir/Core/Src/stm32h7xx_it.c.obj
                0x08001056                HardFault_Handler
 .text.MemManage_Handler
                0x08001058        0x2 CMakeFiles/h743.elf.dir/Core/Src/stm32h7xx_it.c.obj
                0x08001058                MemManage_Handler
 .text.BusFault_Handler
                0x0800105a        0x2 CMakeFiles/h743.elf.dir/Core/Src/stm32h7xx_it.c.obj
                0x0800105a                BusFault_Handler
 .text.UsageFault_Handler
                0x0800105c        0x2 CMakeFiles/h743.elf.dir/Core/Src/stm32h7xx_it.c.obj
                0x0800105c                UsageFault_Handler
 .text.SVC_Handler
                0x0800105e        0x2 CMakeFiles/h743.elf.dir/Core/Src/stm32h7xx_it.c.obj
                0x0800105e                SVC_Handler
 .text.DebugMon_Handler
                0x08001060        0x2 CMakeFiles/h743.elf.dir/Core/Src/stm32h7xx_it.c.obj
                0x08001060                DebugMon_Handler
 .text.PendSV_Handler
                0x08001062        0x2 CMakeFiles/h743.elf.dir/Core/Src/stm32h7xx_it.c.obj
                0x08001062                PendSV_Handler
 .text.SysTick_Handler
                0x08001064        0x2 CMakeFiles/h743.elf.dir/Core/Src/stm32h7xx_it.c.obj
                0x08001064                SysTick_Handler
 *fill*         0x08001066        0x2 
 .text.DMA1_Stream0_IRQHandler
                0x08001068       0x10 CMakeFiles/h743.elf.dir/Core/Src/stm32h7xx_it.c.obj
                0x08001068                DMA1_Stream0_IRQHandler
 .text.DMA1_Stream1_IRQHandler
                0x08001078       0x10 CMakeFiles/h743.elf.dir/Core/Src/stm32h7xx_it.c.obj
                0x08001078                DMA1_Stream1_IRQHandler
 .text.USART1_IRQHandler
                0x08001088       0x14 CMakeFiles/h743.elf.dir/Core/Src/stm32h7xx_it.c.obj
                0x08001088                USART1_IRQHandler
 .text.SDMMC1_IRQHandler
                0x0800109c       0x10 CMakeFiles/h743.elf.dir/Core/Src/stm32h7xx_it.c.obj
                0x0800109c                SDMMC1_IRQHandler
 .text.TIM7_IRQHandler
                0x080010ac       0x10 CMakeFiles/h743.elf.dir/Core/Src/stm32h7xx_it.c.obj
                0x080010ac                TIM7_IRQHandler
 .text.LTDC_IRQHandler
                0x080010bc       0x10 CMakeFiles/h743.elf.dir/Core/Src/stm32h7xx_it.c.obj
                0x080010bc                LTDC_IRQHandler
 .text.QUADSPI_IRQHandler
                0x080010cc       0x10 CMakeFiles/h743.elf.dir/Core/Src/stm32h7xx_it.c.obj
                0x080010cc                QUADSPI_IRQHandler
 .text.MDMA_IRQHandler
                0x080010dc       0x10 CMakeFiles/h743.elf.dir/Core/Src/stm32h7xx_it.c.obj
                0x080010dc                MDMA_IRQHandler
 .text._sbrk    0x080010ec       0x4c CMakeFiles/h743.elf.dir/Core/Src/sysmem.c.obj
                0x080010ec                _sbrk
 .text.SystemInit
                0x08001138       0xf0 CMakeFiles/h743.elf.dir/Core/Src/system_stm32h7xx.c.obj
                0x08001138                SystemInit
 .text.ExitRun0Mode
                0x08001228       0x18 CMakeFiles/h743.elf.dir/Core/Src/system_stm32h7xx.c.obj
                0x08001228                ExitRun0Mode
 .text.MX_USART1_UART_Init
                0x08001240       0x68 CMakeFiles/h743.elf.dir/Core/Src/usart.c.obj
                0x08001240                MX_USART1_UART_Init
 .text.HAL_UART_MspInit
                0x080012a8      0x120 CMakeFiles/h743.elf.dir/Core/Src/usart.c.obj
                0x080012a8                HAL_UART_MspInit
 .text.debug_printf
                0x080013c8       0x3c CMakeFiles/h743.elf.dir/Core/Src/usart.c.obj
                0x080013c8                debug_printf
 .text.MX_USB_OTG_FS_PCD_Init
                0x08001404       0x38 CMakeFiles/h743.elf.dir/Core/Src/usb_otg.c.obj
                0x08001404                MX_USB_OTG_FS_PCD_Init
 .text.HAL_PCD_MspInit
                0x0800143c       0xa4 CMakeFiles/h743.elf.dir/Core/Src/usb_otg.c.obj
                0x0800143c                HAL_PCD_MspInit
 .text.Reset_Handler
                0x080014e0       0x54 CMakeFiles/h743.elf.dir/Core/Startup/startup_stm32h743iitx.s.obj
                0x080014e0                Reset_Handler
 .text.Default_Handler
                0x08001534        0x2 CMakeFiles/h743.elf.dir/Core/Startup/startup_stm32h743iitx.s.obj
                0x08001534                RTC_Alarm_IRQHandler
                0x08001534                EXTI2_IRQHandler
                0x08001534                TIM8_CC_IRQHandler
                0x08001534                HRTIM1_Master_IRQHandler
                0x08001534                UART8_IRQHandler
                0x08001534                SPI4_IRQHandler
                0x08001534                TIM1_CC_IRQHandler
                0x08001534                BDMA_Channel6_IRQHandler
                0x08001534                DMA2_Stream5_IRQHandler
                0x08001534                HRTIM1_FLT_IRQHandler
                0x08001534                JPEG_IRQHandler
                0x08001534                DMA1_Stream5_IRQHandler
                0x08001534                BDMA_Channel1_IRQHandler
                0x08001534                HRTIM1_TIMD_IRQHandler
                0x08001534                TAMP_STAMP_IRQHandler
                0x08001534                EXTI3_IRQHandler
                0x08001534                LPTIM4_IRQHandler
                0x08001534                TIM8_TRG_COM_TIM14_IRQHandler
                0x08001534                LPTIM2_IRQHandler
                0x08001534                DFSDM1_FLT1_IRQHandler
                0x08001534                DMAMUX2_OVR_IRQHandler
                0x08001534                TIM8_UP_TIM13_IRQHandler
                0x08001534                I2C3_ER_IRQHandler
                0x08001534                DFSDM1_FLT2_IRQHandler
                0x08001534                LPTIM3_IRQHandler
                0x08001534                HSEM1_IRQHandler
                0x08001534                EXTI0_IRQHandler
                0x08001534                I2C2_EV_IRQHandler
                0x08001534                DMA1_Stream2_IRQHandler
                0x08001534                FPU_IRQHandler
                0x08001534                OTG_HS_WKUP_IRQHandler
                0x08001534                FDCAN1_IT1_IRQHandler
                0x08001534                LTDC_ER_IRQHandler
                0x08001534                DMA2_Stream2_IRQHandler
                0x08001534                HRTIM1_TIME_IRQHandler
                0x08001534                SPI1_IRQHandler
                0x08001534                TIM6_DAC_IRQHandler
                0x08001534                DCMI_IRQHandler
                0x08001534                HRTIM1_TIMC_IRQHandler
                0x08001534                DMA2_Stream3_IRQHandler
                0x08001534                SAI2_IRQHandler
                0x08001534                DFSDM1_FLT3_IRQHandler
                0x08001534                USART6_IRQHandler
                0x08001534                TIM17_IRQHandler
                0x08001534                USART3_IRQHandler
                0x08001534                BDMA_Channel7_IRQHandler
                0x08001534                LPTIM5_IRQHandler
                0x08001534                UART5_IRQHandler
                0x08001534                ADC3_IRQHandler
                0x08001534                DMA2_Stream0_IRQHandler
                0x08001534                TIM4_IRQHandler
                0x08001534                BDMA_Channel2_IRQHandler
                0x08001534                I2C1_EV_IRQHandler
                0x08001534                DMA1_Stream6_IRQHandler
                0x08001534                DMAMUX1_OVR_IRQHandler
                0x08001534                TIM16_IRQHandler
                0x08001534                UART4_IRQHandler
                0x08001534                BDMA_Channel5_IRQHandler
                0x08001534                TIM3_IRQHandler
                0x08001534                RCC_IRQHandler
                0x08001534                TIM8_BRK_TIM12_IRQHandler
                0x08001534                TIM1_TRG_COM_IRQHandler
                0x08001534                Default_Handler
                0x08001534                ECC_IRQHandler
                0x08001534                CEC_IRQHandler
                0x08001534                EXTI15_10_IRQHandler
                0x08001534                BDMA_Channel0_IRQHandler
                0x08001534                ADC_IRQHandler
                0x08001534                DMA1_Stream7_IRQHandler
                0x08001534                HRTIM1_TIMA_IRQHandler
                0x08001534                SPI5_IRQHandler
                0x08001534                TIM5_IRQHandler
                0x08001534                DMA2_Stream7_IRQHandler
                0x08001534                TIM15_IRQHandler
                0x08001534                PVD_AVD_IRQHandler
                0x08001534                I2C3_EV_IRQHandler
                0x08001534                EXTI9_5_IRQHandler
                0x08001534                RTC_WKUP_IRQHandler
                0x08001534                SAI3_IRQHandler
                0x08001534                ETH_WKUP_IRQHandler
                0x08001534                SPDIF_RX_IRQHandler
                0x08001534                SPI2_IRQHandler
                0x08001534                OTG_HS_EP1_IN_IRQHandler
                0x08001534                CRS_IRQHandler
                0x08001534                EXTI4_IRQHandler
                0x08001534                RNG_IRQHandler
                0x08001534                HRTIM1_TIMB_IRQHandler
                0x08001534                FDCAN2_IT1_IRQHandler
                0x08001534                ETH_IRQHandler
                0x08001534                TIM1_UP_IRQHandler
                0x08001534                BDMA_Channel4_IRQHandler
                0x08001534                OTG_HS_EP1_OUT_IRQHandler
                0x08001534                WWDG_IRQHandler
                0x08001534                SPI6_IRQHandler
                0x08001534                MDIOS_IRQHandler
                0x08001534                I2C4_EV_IRQHandler
                0x08001534                FDCAN2_IT0_IRQHandler
                0x08001534                LPUART1_IRQHandler
                0x08001534                FDCAN1_IT0_IRQHandler
                0x08001534                TIM2_IRQHandler
                0x08001534                OTG_FS_WKUP_IRQHandler
                0x08001534                OTG_HS_IRQHandler
                0x08001534                DMA2D_IRQHandler
                0x08001534                TIM1_BRK_IRQHandler
                0x08001534                EXTI1_IRQHandler
                0x08001534                SDMMC2_IRQHandler
                0x08001534                OTG_FS_EP1_OUT_IRQHandler
                0x08001534                BDMA_Channel3_IRQHandler
                0x08001534                UART7_IRQHandler
                0x08001534                MDIOS_WKUP_IRQHandler
                0x08001534                USART2_IRQHandler
                0x08001534                DFSDM1_FLT0_IRQHandler
                0x08001534                SAI4_IRQHandler
                0x08001534                I2C2_ER_IRQHandler
                0x08001534                DMA2_Stream1_IRQHandler
                0x08001534                FLASH_IRQHandler
                0x08001534                DMA2_Stream4_IRQHandler
                0x08001534                SPI3_IRQHandler
                0x08001534                WAKEUP_PIN_IRQHandler
                0x08001534                DMA1_Stream4_IRQHandler
                0x08001534                OTG_FS_EP1_IN_IRQHandler
                0x08001534                I2C1_ER_IRQHandler
                0x08001534                FMC_IRQHandler
                0x08001534                FDCAN_CAL_IRQHandler
                0x08001534                SWPMI1_IRQHandler
                0x08001534                COMP1_IRQHandler
                0x08001534                LPTIM1_IRQHandler
                0x08001534                I2C4_ER_IRQHandler
                0x08001534                DMA2_Stream6_IRQHandler
                0x08001534                SAI1_IRQHandler
                0x08001534                DMA1_Stream3_IRQHandler
 *fill*         0x08001536        0x2 
 .text.HAL_Init
                0x08001538       0x60 CMakeFiles/h743.elf.dir/Drivers/STM32H7xx_HAL_Driver/Src/stm32h7xx_hal.c.obj
                0x08001538                HAL_Init
 .text.HAL_IncTick
                0x08001598       0x18 CMakeFiles/h743.elf.dir/Drivers/STM32H7xx_HAL_Driver/Src/stm32h7xx_hal.c.obj
                0x08001598                HAL_IncTick
 .text.HAL_GetTick
                0x080015b0        0xc CMakeFiles/h743.elf.dir/Drivers/STM32H7xx_HAL_Driver/Src/stm32h7xx_hal.c.obj
                0x080015b0                HAL_GetTick
 .text.HAL_Delay
                0x080015bc       0x28 CMakeFiles/h743.elf.dir/Drivers/STM32H7xx_HAL_Driver/Src/stm32h7xx_hal.c.obj
                0x080015bc                HAL_Delay
 .text.HAL_GetREVID
                0x080015e4        0xc CMakeFiles/h743.elf.dir/Drivers/STM32H7xx_HAL_Driver/Src/stm32h7xx_hal.c.obj
                0x080015e4                HAL_GetREVID
 .text.__NVIC_EnableIRQ
                0x080015f0       0x1c CMakeFiles/h743.elf.dir/Drivers/STM32H7xx_HAL_Driver/Src/stm32h7xx_hal_cortex.c.obj
 .text.__NVIC_SetPriority
                0x0800160c       0x24 CMakeFiles/h743.elf.dir/Drivers/STM32H7xx_HAL_Driver/Src/stm32h7xx_hal_cortex.c.obj
 .text.NVIC_EncodePriority
                0x08001630       0x46 CMakeFiles/h743.elf.dir/Drivers/STM32H7xx_HAL_Driver/Src/stm32h7xx_hal_cortex.c.obj
 *fill*         0x08001676        0x2 
 .text.HAL_NVIC_SetPriorityGrouping
                0x08001678       0x24 CMakeFiles/h743.elf.dir/Drivers/STM32H7xx_HAL_Driver/Src/stm32h7xx_hal_cortex.c.obj
                0x08001678                HAL_NVIC_SetPriorityGrouping
 .text.HAL_NVIC_SetPriority
                0x0800169c       0x20 CMakeFiles/h743.elf.dir/Drivers/STM32H7xx_HAL_Driver/Src/stm32h7xx_hal_cortex.c.obj
                0x0800169c                HAL_NVIC_SetPriority
 .text.HAL_NVIC_EnableIRQ
                0x080016bc        0x8 CMakeFiles/h743.elf.dir/Drivers/STM32H7xx_HAL_Driver/Src/stm32h7xx_hal_cortex.c.obj
                0x080016bc                HAL_NVIC_EnableIRQ
 .text.HAL_MPU_Disable
                0x080016c4       0x1c CMakeFiles/h743.elf.dir/Drivers/STM32H7xx_HAL_Driver/Src/stm32h7xx_hal_cortex.c.obj
                0x080016c4                HAL_MPU_Disable
 .text.HAL_MPU_Enable
                0x080016e0       0x20 CMakeFiles/h743.elf.dir/Drivers/STM32H7xx_HAL_Driver/Src/stm32h7xx_hal_cortex.c.obj
                0x080016e0                HAL_MPU_Enable
 .text.HAL_MPU_ConfigRegion
                0x08001700       0x58 CMakeFiles/h743.elf.dir/Drivers/STM32H7xx_HAL_Driver/Src/stm32h7xx_hal_cortex.c.obj
                0x08001700                HAL_MPU_ConfigRegion
 .text.DMA_SetConfig
                0x08001758      0x1ec CMakeFiles/h743.elf.dir/Drivers/STM32H7xx_HAL_Driver/Src/stm32h7xx_hal_dma.c.obj
 .text.DMA_CalcBaseAndBitshift
                0x08001944       0xac CMakeFiles/h743.elf.dir/Drivers/STM32H7xx_HAL_Driver/Src/stm32h7xx_hal_dma.c.obj
 .text.DMA_CheckFifoParam
                0x080019f0       0x9e CMakeFiles/h743.elf.dir/Drivers/STM32H7xx_HAL_Driver/Src/stm32h7xx_hal_dma.c.obj
 *fill*         0x08001a8e        0x2 
 .text.DMA_CalcDMAMUXChannelBaseAndMask
                0x08001a90       0xac CMakeFiles/h743.elf.dir/Drivers/STM32H7xx_HAL_Driver/Src/stm32h7xx_hal_dma.c.obj
 .text.DMA_CalcDMAMUXRequestGenBaseAndMask
                0x08001b3c       0x88 CMakeFiles/h743.elf.dir/Drivers/STM32H7xx_HAL_Driver/Src/stm32h7xx_hal_dma.c.obj
 .text.HAL_DMA_Init
                0x08001bc4      0x39c CMakeFiles/h743.elf.dir/Drivers/STM32H7xx_HAL_Driver/Src/stm32h7xx_hal_dma.c.obj
                0x08001bc4                HAL_DMA_Init
 .text.HAL_DMA_Start_IT
                0x08001f60      0x2bc CMakeFiles/h743.elf.dir/Drivers/STM32H7xx_HAL_Driver/Src/stm32h7xx_hal_dma.c.obj
                0x08001f60                HAL_DMA_Start_IT
 .text.HAL_DMA_Abort
                0x0800221c      0x33c CMakeFiles/h743.elf.dir/Drivers/STM32H7xx_HAL_Driver/Src/stm32h7xx_hal_dma.c.obj
                0x0800221c                HAL_DMA_Abort
 .text.HAL_DMA_Abort_IT
                0x08002558      0x21c CMakeFiles/h743.elf.dir/Drivers/STM32H7xx_HAL_Driver/Src/stm32h7xx_hal_dma.c.obj
                0x08002558                HAL_DMA_Abort_IT
 .text.HAL_DMA_IRQHandler
                0x08002774      0x734 CMakeFiles/h743.elf.dir/Drivers/STM32H7xx_HAL_Driver/Src/stm32h7xx_hal_dma.c.obj
                0x08002774                HAL_DMA_IRQHandler
 .text.HAL_DMA_GetError
                0x08002ea8        0x4 CMakeFiles/h743.elf.dir/Drivers/STM32H7xx_HAL_Driver/Src/stm32h7xx_hal_dma.c.obj
                0x08002ea8                HAL_DMA_GetError
 .text.HAL_GPIO_Init
                0x08002eac      0x240 CMakeFiles/h743.elf.dir/Drivers/STM32H7xx_HAL_Driver/Src/stm32h7xx_hal_gpio.c.obj
                0x08002eac                HAL_GPIO_Init
 .text.HAL_GPIO_WritePin
                0x080030ec        0xc CMakeFiles/h743.elf.dir/Drivers/STM32H7xx_HAL_Driver/Src/stm32h7xx_hal_gpio.c.obj
                0x080030ec                HAL_GPIO_WritePin
 .text.HAL_GPIO_TogglePin
                0x080030f8       0x12 CMakeFiles/h743.elf.dir/Drivers/STM32H7xx_HAL_Driver/Src/stm32h7xx_hal_gpio.c.obj
                0x080030f8                HAL_GPIO_TogglePin
 *fill*         0x0800310a        0x2 
 .text.LTDC_SetConfig
                0x0800310c      0x194 CMakeFiles/h743.elf.dir/Drivers/STM32H7xx_HAL_Driver/Src/stm32h7xx_hal_ltdc.c.obj
 .text.HAL_LTDC_Init
                0x080032a0       0xbc CMakeFiles/h743.elf.dir/Drivers/STM32H7xx_HAL_Driver/Src/stm32h7xx_hal_ltdc.c.obj
                0x080032a0                HAL_LTDC_Init
 .text.HAL_LTDC_ErrorCallback
                0x0800335c        0x2 CMakeFiles/h743.elf.dir/Drivers/STM32H7xx_HAL_Driver/Src/stm32h7xx_hal_ltdc.c.obj
                0x0800335c                HAL_LTDC_ErrorCallback
 .text.HAL_LTDC_LineEventCallback
                0x0800335e        0x2 CMakeFiles/h743.elf.dir/Drivers/STM32H7xx_HAL_Driver/Src/stm32h7xx_hal_ltdc.c.obj
                0x0800335e                HAL_LTDC_LineEventCallback
 .text.HAL_LTDC_ReloadEventCallback
                0x08003360        0x2 CMakeFiles/h743.elf.dir/Drivers/STM32H7xx_HAL_Driver/Src/stm32h7xx_hal_ltdc.c.obj
                0x08003360                HAL_LTDC_ReloadEventCallback
 .text.HAL_LTDC_IRQHandler
                0x08003362       0xda CMakeFiles/h743.elf.dir/Drivers/STM32H7xx_HAL_Driver/Src/stm32h7xx_hal_ltdc.c.obj
                0x08003362                HAL_LTDC_IRQHandler
 .text.HAL_LTDC_ConfigLayer
                0x0800343c       0x68 CMakeFiles/h743.elf.dir/Drivers/STM32H7xx_HAL_Driver/Src/stm32h7xx_hal_ltdc.c.obj
                0x0800343c                HAL_LTDC_ConfigLayer
 .text.HAL_LTDC_EnableDither
                0x080034a4       0x34 CMakeFiles/h743.elf.dir/Drivers/STM32H7xx_HAL_Driver/Src/stm32h7xx_hal_ltdc.c.obj
                0x080034a4                HAL_LTDC_EnableDither
 .text.MDMA_Init
                0x080034d8       0xb8 CMakeFiles/h743.elf.dir/Drivers/STM32H7xx_HAL_Driver/Src/stm32h7xx_hal_mdma.c.obj
 .text.HAL_MDMA_Init
                0x08003590       0x60 CMakeFiles/h743.elf.dir/Drivers/STM32H7xx_HAL_Driver/Src/stm32h7xx_hal_mdma.c.obj
                0x08003590                HAL_MDMA_Init
 .text.HAL_MDMA_ConfigPostRequestMask
                0x080035f0       0x6e CMakeFiles/h743.elf.dir/Drivers/STM32H7xx_HAL_Driver/Src/stm32h7xx_hal_mdma.c.obj
                0x080035f0                HAL_MDMA_ConfigPostRequestMask
 .text.HAL_MDMA_Abort_IT
                0x0800365e       0x2a CMakeFiles/h743.elf.dir/Drivers/STM32H7xx_HAL_Driver/Src/stm32h7xx_hal_mdma.c.obj
                0x0800365e                HAL_MDMA_Abort_IT
 .text.HAL_MDMA_IRQHandler
                0x08003688      0x1b0 CMakeFiles/h743.elf.dir/Drivers/STM32H7xx_HAL_Driver/Src/stm32h7xx_hal_mdma.c.obj
                0x08003688                HAL_MDMA_IRQHandler
 .text.HAL_PCD_Init
                0x08003838      0x108 CMakeFiles/h743.elf.dir/Drivers/STM32H7xx_HAL_Driver/Src/stm32h7xx_hal_pcd.c.obj
                0x08003838                HAL_PCD_Init
 .text.HAL_PCDEx_ActivateLPM
                0x08003940       0x28 CMakeFiles/h743.elf.dir/Drivers/STM32H7xx_HAL_Driver/Src/stm32h7xx_hal_pcd_ex.c.obj
                0x08003940                HAL_PCDEx_ActivateLPM
 .text.HAL_PWREx_ConfigSupply
                0x08003968       0x54 CMakeFiles/h743.elf.dir/Drivers/STM32H7xx_HAL_Driver/Src/stm32h7xx_hal_pwr_ex.c.obj
                0x08003968                HAL_PWREx_ConfigSupply
 .text.HAL_PWREx_EnableUSBVoltageDetector
                0x080039bc       0x10 CMakeFiles/h743.elf.dir/Drivers/STM32H7xx_HAL_Driver/Src/stm32h7xx_hal_pwr_ex.c.obj
                0x080039bc                HAL_PWREx_EnableUSBVoltageDetector
 .text.QSPI_Config
                0x080039cc      0x21e CMakeFiles/h743.elf.dir/Drivers/STM32H7xx_HAL_Driver/Src/stm32h7xx_hal_qspi.c.obj
 .text.QSPI_WaitFlagStateUntilTimeout
                0x08003bea       0x50 CMakeFiles/h743.elf.dir/Drivers/STM32H7xx_HAL_Driver/Src/stm32h7xx_hal_qspi.c.obj
 .text.HAL_QSPI_Command
                0x08003c3a       0x9a CMakeFiles/h743.elf.dir/Drivers/STM32H7xx_HAL_Driver/Src/stm32h7xx_hal_qspi.c.obj
                0x08003c3a                HAL_QSPI_Command
 .text.HAL_QSPI_Receive
                0x08003cd4       0xd0 CMakeFiles/h743.elf.dir/Drivers/STM32H7xx_HAL_Driver/Src/stm32h7xx_hal_qspi.c.obj
                0x08003cd4                HAL_QSPI_Receive
 .text.HAL_QSPI_AutoPolling
                0x08003da4       0xb4 CMakeFiles/h743.elf.dir/Drivers/STM32H7xx_HAL_Driver/Src/stm32h7xx_hal_qspi.c.obj
                0x08003da4                HAL_QSPI_AutoPolling
 .text.HAL_QSPI_MemoryMapped
                0x08003e58       0x92 CMakeFiles/h743.elf.dir/Drivers/STM32H7xx_HAL_Driver/Src/stm32h7xx_hal_qspi.c.obj
                0x08003e58                HAL_QSPI_MemoryMapped
 .text.HAL_QSPI_ErrorCallback
                0x08003eea        0x2 CMakeFiles/h743.elf.dir/Drivers/STM32H7xx_HAL_Driver/Src/stm32h7xx_hal_qspi.c.obj
                0x08003eea                HAL_QSPI_ErrorCallback
 .text.QSPI_DMAAbortCplt
                0x08003eec       0x3a CMakeFiles/h743.elf.dir/Drivers/STM32H7xx_HAL_Driver/Src/stm32h7xx_hal_qspi.c.obj
 .text.HAL_QSPI_AbortCpltCallback
                0x08003f26        0x2 CMakeFiles/h743.elf.dir/Drivers/STM32H7xx_HAL_Driver/Src/stm32h7xx_hal_qspi.c.obj
                0x08003f26                HAL_QSPI_AbortCpltCallback
 .text.HAL_QSPI_CmdCpltCallback
                0x08003f28        0x2 CMakeFiles/h743.elf.dir/Drivers/STM32H7xx_HAL_Driver/Src/stm32h7xx_hal_qspi.c.obj
                0x08003f28                HAL_QSPI_CmdCpltCallback
 .text.HAL_QSPI_TxCpltCallback
                0x08003f2a        0x2 CMakeFiles/h743.elf.dir/Drivers/STM32H7xx_HAL_Driver/Src/stm32h7xx_hal_qspi.c.obj
                0x08003f2a                HAL_QSPI_TxCpltCallback
 .text.HAL_QSPI_FifoThresholdCallback
                0x08003f2c        0x2 CMakeFiles/h743.elf.dir/Drivers/STM32H7xx_HAL_Driver/Src/stm32h7xx_hal_qspi.c.obj
                0x08003f2c                HAL_QSPI_FifoThresholdCallback
 .text.HAL_QSPI_StatusMatchCallback
                0x08003f2e        0x2 CMakeFiles/h743.elf.dir/Drivers/STM32H7xx_HAL_Driver/Src/stm32h7xx_hal_qspi.c.obj
                0x08003f2e                HAL_QSPI_StatusMatchCallback
 .text.HAL_QSPI_TimeOutCallback
                0x08003f30        0x2 CMakeFiles/h743.elf.dir/Drivers/STM32H7xx_HAL_Driver/Src/stm32h7xx_hal_qspi.c.obj
                0x08003f30                HAL_QSPI_TimeOutCallback
 *fill*         0x08003f32        0x2 
 .text.HAL_QSPI_IRQHandler
                0x08003f34      0x234 CMakeFiles/h743.elf.dir/Drivers/STM32H7xx_HAL_Driver/Src/stm32h7xx_hal_qspi.c.obj
                0x08003f34                HAL_QSPI_IRQHandler
 .text.HAL_QSPI_SetTimeout
                0x08004168        0x4 CMakeFiles/h743.elf.dir/Drivers/STM32H7xx_HAL_Driver/Src/stm32h7xx_hal_qspi.c.obj
                0x08004168                HAL_QSPI_SetTimeout
 .text.HAL_QSPI_Init
                0x0800416c       0xa8 CMakeFiles/h743.elf.dir/Drivers/STM32H7xx_HAL_Driver/Src/stm32h7xx_hal_qspi.c.obj
                0x0800416c                HAL_QSPI_Init
 .text.HAL_RCC_OscConfig
                0x08004214      0x6b4 CMakeFiles/h743.elf.dir/Drivers/STM32H7xx_HAL_Driver/Src/stm32h7xx_hal_rcc.c.obj
                0x08004214                HAL_RCC_OscConfig
 .text.HAL_RCC_GetSysClockFreq
                0x080048c8      0x1f4 CMakeFiles/h743.elf.dir/Drivers/STM32H7xx_HAL_Driver/Src/stm32h7xx_hal_rcc.c.obj
                0x080048c8                HAL_RCC_GetSysClockFreq
 .text.HAL_RCC_ClockConfig
                0x08004abc      0x294 CMakeFiles/h743.elf.dir/Drivers/STM32H7xx_HAL_Driver/Src/stm32h7xx_hal_rcc.c.obj
                0x08004abc                HAL_RCC_ClockConfig
 .text.HAL_RCC_GetHCLKFreq
                0x08004d50       0x44 CMakeFiles/h743.elf.dir/Drivers/STM32H7xx_HAL_Driver/Src/stm32h7xx_hal_rcc.c.obj
                0x08004d50                HAL_RCC_GetHCLKFreq
 .text.HAL_RCC_GetPCLK1Freq
                0x08004d94       0x24 CMakeFiles/h743.elf.dir/Drivers/STM32H7xx_HAL_Driver/Src/stm32h7xx_hal_rcc.c.obj
                0x08004d94                HAL_RCC_GetPCLK1Freq
 .text.HAL_RCC_GetPCLK2Freq
                0x08004db8       0x24 CMakeFiles/h743.elf.dir/Drivers/STM32H7xx_HAL_Driver/Src/stm32h7xx_hal_rcc.c.obj
                0x08004db8                HAL_RCC_GetPCLK2Freq
 .text.HAL_RCC_GetClockConfig
                0x08004ddc       0x54 CMakeFiles/h743.elf.dir/Drivers/STM32H7xx_HAL_Driver/Src/stm32h7xx_hal_rcc.c.obj
                0x08004ddc                HAL_RCC_GetClockConfig
 .text.RCCEx_PLL2_Config
                0x08004e30      0x108 CMakeFiles/h743.elf.dir/Drivers/STM32H7xx_HAL_Driver/Src/stm32h7xx_hal_rcc_ex.c.obj
 .text.RCCEx_PLL3_Config
                0x08004f38      0x108 CMakeFiles/h743.elf.dir/Drivers/STM32H7xx_HAL_Driver/Src/stm32h7xx_hal_rcc_ex.c.obj
 .text.HAL_RCCEx_PeriphCLKConfig
                0x08005040      0xaf0 CMakeFiles/h743.elf.dir/Drivers/STM32H7xx_HAL_Driver/Src/stm32h7xx_hal_rcc_ex.c.obj
                0x08005040                HAL_RCCEx_PeriphCLKConfig
 .text.HAL_RCCEx_GetD3PCLK1Freq
                0x08005b30       0x24 CMakeFiles/h743.elf.dir/Drivers/STM32H7xx_HAL_Driver/Src/stm32h7xx_hal_rcc_ex.c.obj
                0x08005b30                HAL_RCCEx_GetD3PCLK1Freq
 .text.HAL_RCCEx_GetPLL2ClockFreq
                0x08005b54      0x200 CMakeFiles/h743.elf.dir/Drivers/STM32H7xx_HAL_Driver/Src/stm32h7xx_hal_rcc_ex.c.obj
                0x08005b54                HAL_RCCEx_GetPLL2ClockFreq
 .text.HAL_RCCEx_GetPLL3ClockFreq
                0x08005d54      0x200 CMakeFiles/h743.elf.dir/Drivers/STM32H7xx_HAL_Driver/Src/stm32h7xx_hal_rcc_ex.c.obj
                0x08005d54                HAL_RCCEx_GetPLL3ClockFreq
 .text.HAL_RCCEx_GetPLL1ClockFreq
                0x08005f54      0x200 CMakeFiles/h743.elf.dir/Drivers/STM32H7xx_HAL_Driver/Src/stm32h7xx_hal_rcc_ex.c.obj
                0x08005f54                HAL_RCCEx_GetPLL1ClockFreq
 .text.HAL_RCCEx_GetPeriphCLKFreq
                0x08006154      0x6dc CMakeFiles/h743.elf.dir/Drivers/STM32H7xx_HAL_Driver/Src/stm32h7xx_hal_rcc_ex.c.obj
                0x08006154                HAL_RCCEx_GetPeriphCLKFreq
 .text.HAL_RTC_WaitForSynchro
                0x08006830       0x34 CMakeFiles/h743.elf.dir/Drivers/STM32H7xx_HAL_Driver/Src/stm32h7xx_hal_rtc.c.obj
                0x08006830                HAL_RTC_WaitForSynchro
 .text.RTC_EnterInitMode
                0x08006864       0x44 CMakeFiles/h743.elf.dir/Drivers/STM32H7xx_HAL_Driver/Src/stm32h7xx_hal_rtc.c.obj
                0x08006864                RTC_EnterInitMode
 .text.RTC_ExitInitMode
                0x080068a8       0x4c CMakeFiles/h743.elf.dir/Drivers/STM32H7xx_HAL_Driver/Src/stm32h7xx_hal_rtc.c.obj
                0x080068a8                RTC_ExitInitMode
 .text.HAL_RTC_Init
                0x080068f4       0xa4 CMakeFiles/h743.elf.dir/Drivers/STM32H7xx_HAL_Driver/Src/stm32h7xx_hal_rtc.c.obj
                0x080068f4                HAL_RTC_Init
 .text.SD_PowerON
                0x08006998       0xc8 CMakeFiles/h743.elf.dir/Drivers/STM32H7xx_HAL_Driver/Src/stm32h7xx_hal_sd.c.obj
 .text.SD_Read_IT
                0x08006a60       0x3c CMakeFiles/h743.elf.dir/Drivers/STM32H7xx_HAL_Driver/Src/stm32h7xx_hal_sd.c.obj
 .text.SD_Write_IT
                0x08006a9c       0x4c CMakeFiles/h743.elf.dir/Drivers/STM32H7xx_HAL_Driver/Src/stm32h7xx_hal_sd.c.obj
 .text.SD_SendSDStatus
                0x08006ae8      0x104 CMakeFiles/h743.elf.dir/Drivers/STM32H7xx_HAL_Driver/Src/stm32h7xx_hal_sd.c.obj
 .text.SD_FindSCR
                0x08006bec      0x108 CMakeFiles/h743.elf.dir/Drivers/STM32H7xx_HAL_Driver/Src/stm32h7xx_hal_sd.c.obj
 .text.SD_WideBus_Enable
                0x08006cf4       0x4e CMakeFiles/h743.elf.dir/Drivers/STM32H7xx_HAL_Driver/Src/stm32h7xx_hal_sd.c.obj
 .text.SD_WideBus_Disable
                0x08006d42       0x4e CMakeFiles/h743.elf.dir/Drivers/STM32H7xx_HAL_Driver/Src/stm32h7xx_hal_sd.c.obj
 .text.SD_SwitchSpeed
                0x08006d90      0x114 CMakeFiles/h743.elf.dir/Drivers/STM32H7xx_HAL_Driver/Src/stm32h7xx_hal_sd.c.obj
 .text.SD_SendStatus
                0x08006ea4       0x2e CMakeFiles/h743.elf.dir/Drivers/STM32H7xx_HAL_Driver/Src/stm32h7xx_hal_sd.c.obj
 *fill*         0x08006ed2        0x2 
 .text.HAL_SD_ReadBlocks
                0x08006ed4      0x208 CMakeFiles/h743.elf.dir/Drivers/STM32H7xx_HAL_Driver/Src/stm32h7xx_hal_sd.c.obj
                0x08006ed4                HAL_SD_ReadBlocks
 .text.HAL_SD_WriteBlocks
                0x080070dc      0x21c CMakeFiles/h743.elf.dir/Drivers/STM32H7xx_HAL_Driver/Src/stm32h7xx_hal_sd.c.obj
                0x080070dc                HAL_SD_WriteBlocks
 .text.HAL_SD_TxCpltCallback
                0x080072f8        0x2 CMakeFiles/h743.elf.dir/Drivers/STM32H7xx_HAL_Driver/Src/stm32h7xx_hal_sd.c.obj
                0x080072f8                HAL_SD_TxCpltCallback
 .text.HAL_SD_RxCpltCallback
                0x080072fa        0x2 CMakeFiles/h743.elf.dir/Drivers/STM32H7xx_HAL_Driver/Src/stm32h7xx_hal_sd.c.obj
                0x080072fa                HAL_SD_RxCpltCallback
 .text.HAL_SD_ErrorCallback
                0x080072fc        0x2 CMakeFiles/h743.elf.dir/Drivers/STM32H7xx_HAL_Driver/Src/stm32h7xx_hal_sd.c.obj
                0x080072fc                HAL_SD_ErrorCallback
 *fill*         0x080072fe        0x2 
 .text.HAL_SD_GetCardCSD
                0x08007300      0x1b8 CMakeFiles/h743.elf.dir/Drivers/STM32H7xx_HAL_Driver/Src/stm32h7xx_hal_sd.c.obj
                0x08007300                HAL_SD_GetCardCSD
 .text.SD_InitCard
                0x080074b8       0xfc CMakeFiles/h743.elf.dir/Drivers/STM32H7xx_HAL_Driver/Src/stm32h7xx_hal_sd.c.obj
 .text.HAL_SD_InitCard
                0x080075b4       0xdc CMakeFiles/h743.elf.dir/Drivers/STM32H7xx_HAL_Driver/Src/stm32h7xx_hal_sd.c.obj
                0x080075b4                HAL_SD_InitCard
 .text.HAL_SD_GetCardStatus
                0x08007690       0xcc CMakeFiles/h743.elf.dir/Drivers/STM32H7xx_HAL_Driver/Src/stm32h7xx_hal_sd.c.obj
                0x08007690                HAL_SD_GetCardStatus
 .text.HAL_SD_GetCardInfo
                0x0800775c       0x24 CMakeFiles/h743.elf.dir/Drivers/STM32H7xx_HAL_Driver/Src/stm32h7xx_hal_sd.c.obj
                0x0800775c                HAL_SD_GetCardInfo
 .text.HAL_SD_ConfigWideBusOperation
                0x08007780      0x160 CMakeFiles/h743.elf.dir/Drivers/STM32H7xx_HAL_Driver/Src/stm32h7xx_hal_sd.c.obj
                0x08007780                HAL_SD_ConfigWideBusOperation
 .text.HAL_SD_GetCardState
                0x080078e0       0x22 CMakeFiles/h743.elf.dir/Drivers/STM32H7xx_HAL_Driver/Src/stm32h7xx_hal_sd.c.obj
                0x080078e0                HAL_SD_GetCardState
 .text.HAL_SD_Init
                0x08007902       0xc4 CMakeFiles/h743.elf.dir/Drivers/STM32H7xx_HAL_Driver/Src/stm32h7xx_hal_sd.c.obj
                0x08007902                HAL_SD_Init
 *fill*         0x080079c6        0x2 
 .text.HAL_SD_ConfigSpeedBusOperation
                0x080079c8      0x114 CMakeFiles/h743.elf.dir/Drivers/STM32H7xx_HAL_Driver/Src/stm32h7xx_hal_sd.c.obj
                0x080079c8                HAL_SD_ConfigSpeedBusOperation
 .text.HAL_SDEx_Read_DMADoubleBuf0CpltCallback
                0x08007adc        0x2 CMakeFiles/h743.elf.dir/Drivers/STM32H7xx_HAL_Driver/Src/stm32h7xx_hal_sd.c.obj
                0x08007adc                HAL_SDEx_Read_DMADoubleBuf0CpltCallback
 .text.HAL_SDEx_Read_DMADoubleBuf1CpltCallback
                0x08007ade        0x2 CMakeFiles/h743.elf.dir/Drivers/STM32H7xx_HAL_Driver/Src/stm32h7xx_hal_sd.c.obj
                0x08007ade                HAL_SDEx_Read_DMADoubleBuf1CpltCallback
 .text.HAL_SDEx_Write_DMADoubleBuf0CpltCallback
                0x08007ae0        0x2 CMakeFiles/h743.elf.dir/Drivers/STM32H7xx_HAL_Driver/Src/stm32h7xx_hal_sd.c.obj
                0x08007ae0                HAL_SDEx_Write_DMADoubleBuf0CpltCallback
 .text.HAL_SDEx_Write_DMADoubleBuf1CpltCallback
                0x08007ae2        0x2 CMakeFiles/h743.elf.dir/Drivers/STM32H7xx_HAL_Driver/Src/stm32h7xx_hal_sd.c.obj
                0x08007ae2                HAL_SDEx_Write_DMADoubleBuf1CpltCallback
 .text.HAL_SD_IRQHandler
                0x08007ae4      0x240 CMakeFiles/h743.elf.dir/Drivers/STM32H7xx_HAL_Driver/Src/stm32h7xx_hal_sd.c.obj
                0x08007ae4                HAL_SD_IRQHandler
 .text.HAL_SDRAM_Init
                0x08007d24       0x50 CMakeFiles/h743.elf.dir/Drivers/STM32H7xx_HAL_Driver/Src/stm32h7xx_hal_sdram.c.obj
                0x08007d24                HAL_SDRAM_Init
 .text.HAL_SDRAM_SendCommand
                0x08007d74       0x42 CMakeFiles/h743.elf.dir/Drivers/STM32H7xx_HAL_Driver/Src/stm32h7xx_hal_sdram.c.obj
                0x08007d74                HAL_SDRAM_SendCommand
 .text.HAL_SDRAM_ProgramRefreshRate
                0x08007db6       0x30 CMakeFiles/h743.elf.dir/Drivers/STM32H7xx_HAL_Driver/Src/stm32h7xx_hal_sdram.c.obj
                0x08007db6                HAL_SDRAM_ProgramRefreshRate
 .text.HAL_TIM_Base_MspInit
                0x08007de6        0x2 CMakeFiles/h743.elf.dir/Drivers/STM32H7xx_HAL_Driver/Src/stm32h7xx_hal_tim.c.obj
                0x08007de6                HAL_TIM_Base_MspInit
 .text.HAL_TIM_Base_Start_IT
                0x08007de8       0x90 CMakeFiles/h743.elf.dir/Drivers/STM32H7xx_HAL_Driver/Src/stm32h7xx_hal_tim.c.obj
                0x08007de8                HAL_TIM_Base_Start_IT
 .text.HAL_TIM_OC_DelayElapsedCallback
                0x08007e78        0x2 CMakeFiles/h743.elf.dir/Drivers/STM32H7xx_HAL_Driver/Src/stm32h7xx_hal_tim.c.obj
                0x08007e78                HAL_TIM_OC_DelayElapsedCallback
 .text.HAL_TIM_IC_CaptureCallback
                0x08007e7a        0x2 CMakeFiles/h743.elf.dir/Drivers/STM32H7xx_HAL_Driver/Src/stm32h7xx_hal_tim.c.obj
                0x08007e7a                HAL_TIM_IC_CaptureCallback
 .text.HAL_TIM_PWM_PulseFinishedCallback
                0x08007e7c        0x2 CMakeFiles/h743.elf.dir/Drivers/STM32H7xx_HAL_Driver/Src/stm32h7xx_hal_tim.c.obj
                0x08007e7c                HAL_TIM_PWM_PulseFinishedCallback
 .text.HAL_TIM_TriggerCallback
                0x08007e7e        0x2 CMakeFiles/h743.elf.dir/Drivers/STM32H7xx_HAL_Driver/Src/stm32h7xx_hal_tim.c.obj
                0x08007e7e                HAL_TIM_TriggerCallback
 .text.HAL_TIM_IRQHandler
                0x08007e80      0x180 CMakeFiles/h743.elf.dir/Drivers/STM32H7xx_HAL_Driver/Src/stm32h7xx_hal_tim.c.obj
                0x08007e80                HAL_TIM_IRQHandler
 .text.TIM_Base_SetConfig
                0x08008000      0x124 CMakeFiles/h743.elf.dir/Drivers/STM32H7xx_HAL_Driver/Src/stm32h7xx_hal_tim.c.obj
                0x08008000                TIM_Base_SetConfig
 .text.HAL_TIM_Base_Init
                0x08008124       0x60 CMakeFiles/h743.elf.dir/Drivers/STM32H7xx_HAL_Driver/Src/stm32h7xx_hal_tim.c.obj
                0x08008124                HAL_TIM_Base_Init
 .text.HAL_TIMEx_CommutCallback
                0x08008184        0x2 CMakeFiles/h743.elf.dir/Drivers/STM32H7xx_HAL_Driver/Src/stm32h7xx_hal_tim_ex.c.obj
                0x08008184                HAL_TIMEx_CommutCallback
 .text.HAL_TIMEx_BreakCallback
                0x08008186        0x2 CMakeFiles/h743.elf.dir/Drivers/STM32H7xx_HAL_Driver/Src/stm32h7xx_hal_tim_ex.c.obj
                0x08008186                HAL_TIMEx_BreakCallback
 .text.HAL_TIMEx_Break2Callback
                0x08008188        0x2 CMakeFiles/h743.elf.dir/Drivers/STM32H7xx_HAL_Driver/Src/stm32h7xx_hal_tim_ex.c.obj
                0x08008188                HAL_TIMEx_Break2Callback
 .text.UART_EndTxTransfer
                0x0800818a       0x32 CMakeFiles/h743.elf.dir/Drivers/STM32H7xx_HAL_Driver/Src/stm32h7xx_hal_uart.c.obj
 .text.UART_EndRxTransfer
                0x080081bc       0x58 CMakeFiles/h743.elf.dir/Drivers/STM32H7xx_HAL_Driver/Src/stm32h7xx_hal_uart.c.obj
 .text.HAL_UART_Transmit_DMA
                0x08008214       0x9c CMakeFiles/h743.elf.dir/Drivers/STM32H7xx_HAL_Driver/Src/stm32h7xx_hal_uart.c.obj
                0x08008214                HAL_UART_Transmit_DMA
 .text.HAL_UART_AbortReceive
                0x080082b0       0xb4 CMakeFiles/h743.elf.dir/Drivers/STM32H7xx_HAL_Driver/Src/stm32h7xx_hal_uart.c.obj
                0x080082b0                HAL_UART_AbortReceive
 .text.HAL_UART_TxCpltCallback
                0x08008364        0x2 CMakeFiles/h743.elf.dir/Drivers/STM32H7xx_HAL_Driver/Src/stm32h7xx_hal_uart.c.obj
                0x08008364                HAL_UART_TxCpltCallback
 .text.UART_DMATransmitCplt
                0x08008366       0x46 CMakeFiles/h743.elf.dir/Drivers/STM32H7xx_HAL_Driver/Src/stm32h7xx_hal_uart.c.obj
 .text.UART_EndTransmit_IT
                0x080083ac       0x22 CMakeFiles/h743.elf.dir/Drivers/STM32H7xx_HAL_Driver/Src/stm32h7xx_hal_uart.c.obj
 .text.HAL_UART_TxHalfCpltCallback
                0x080083ce        0x2 CMakeFiles/h743.elf.dir/Drivers/STM32H7xx_HAL_Driver/Src/stm32h7xx_hal_uart.c.obj
                0x080083ce                HAL_UART_TxHalfCpltCallback
 .text.UART_DMATxHalfCplt
                0x080083d0        0xa CMakeFiles/h743.elf.dir/Drivers/STM32H7xx_HAL_Driver/Src/stm32h7xx_hal_uart.c.obj
 .text.HAL_UART_ErrorCallback
                0x080083da        0x2 CMakeFiles/h743.elf.dir/Drivers/STM32H7xx_HAL_Driver/Src/stm32h7xx_hal_uart.c.obj
                0x080083da                HAL_UART_ErrorCallback
 .text.UART_DMAError
                0x080083dc       0x4e CMakeFiles/h743.elf.dir/Drivers/STM32H7xx_HAL_Driver/Src/stm32h7xx_hal_uart.c.obj
 .text.UART_DMAAbortOnError
                0x0800842a        0xa CMakeFiles/h743.elf.dir/Drivers/STM32H7xx_HAL_Driver/Src/stm32h7xx_hal_uart.c.obj
 .text.HAL_UARTEx_RxEventCallback
                0x08008434        0x2 CMakeFiles/h743.elf.dir/Drivers/STM32H7xx_HAL_Driver/Src/stm32h7xx_hal_uart.c.obj
                0x08008434                HAL_UARTEx_RxEventCallback
 *fill*         0x08008436        0x2 
 .text.HAL_UART_IRQHandler
                0x08008438      0x3e4 CMakeFiles/h743.elf.dir/Drivers/STM32H7xx_HAL_Driver/Src/stm32h7xx_hal_uart.c.obj
                0x08008438                HAL_UART_IRQHandler
 .text.UART_SetConfig
                0x0800881c      0x5c4 CMakeFiles/h743.elf.dir/Drivers/STM32H7xx_HAL_Driver/Src/stm32h7xx_hal_uart.c.obj
                0x0800881c                UART_SetConfig
 .text.UART_AdvFeatureConfig
                0x08008de0       0xca CMakeFiles/h743.elf.dir/Drivers/STM32H7xx_HAL_Driver/Src/stm32h7xx_hal_uart.c.obj
                0x08008de0                UART_AdvFeatureConfig
 .text.UART_WaitOnFlagUntilTimeout
                0x08008eaa       0xa4 CMakeFiles/h743.elf.dir/Drivers/STM32H7xx_HAL_Driver/Src/stm32h7xx_hal_uart.c.obj
                0x08008eaa                UART_WaitOnFlagUntilTimeout
 .text.HAL_UART_Transmit
                0x08008f4e       0xe6 CMakeFiles/h743.elf.dir/Drivers/STM32H7xx_HAL_Driver/Src/stm32h7xx_hal_uart.c.obj
                0x08008f4e                HAL_UART_Transmit
 .text.UART_CheckIdleState
                0x08009034       0xc6 CMakeFiles/h743.elf.dir/Drivers/STM32H7xx_HAL_Driver/Src/stm32h7xx_hal_uart.c.obj
                0x08009034                UART_CheckIdleState
 .text.HAL_UART_Init
                0x080090fa       0x66 CMakeFiles/h743.elf.dir/Drivers/STM32H7xx_HAL_Driver/Src/stm32h7xx_hal_uart.c.obj
                0x080090fa                HAL_UART_Init
 .text.UARTEx_SetNbDataToProcess
                0x08009160       0x54 CMakeFiles/h743.elf.dir/Drivers/STM32H7xx_HAL_Driver/Src/stm32h7xx_hal_uart_ex.c.obj
 .text.HAL_UARTEx_WakeupCallback
                0x080091b4        0x2 CMakeFiles/h743.elf.dir/Drivers/STM32H7xx_HAL_Driver/Src/stm32h7xx_hal_uart_ex.c.obj
                0x080091b4                HAL_UARTEx_WakeupCallback
 .text.HAL_UARTEx_RxFifoFullCallback
                0x080091b6        0x2 CMakeFiles/h743.elf.dir/Drivers/STM32H7xx_HAL_Driver/Src/stm32h7xx_hal_uart_ex.c.obj
                0x080091b6                HAL_UARTEx_RxFifoFullCallback
 .text.HAL_UARTEx_TxFifoEmptyCallback
                0x080091b8        0x2 CMakeFiles/h743.elf.dir/Drivers/STM32H7xx_HAL_Driver/Src/stm32h7xx_hal_uart_ex.c.obj
                0x080091b8                HAL_UARTEx_TxFifoEmptyCallback
 .text.HAL_UARTEx_DisableFifoMode
                0x080091ba       0x3e CMakeFiles/h743.elf.dir/Drivers/STM32H7xx_HAL_Driver/Src/stm32h7xx_hal_uart_ex.c.obj
                0x080091ba                HAL_UARTEx_DisableFifoMode
 .text.HAL_UARTEx_SetTxFifoThreshold
                0x080091f8       0x4a CMakeFiles/h743.elf.dir/Drivers/STM32H7xx_HAL_Driver/Src/stm32h7xx_hal_uart_ex.c.obj
                0x080091f8                HAL_UARTEx_SetTxFifoThreshold
 .text.HAL_UARTEx_SetRxFifoThreshold
                0x08009242       0x4a CMakeFiles/h743.elf.dir/Drivers/STM32H7xx_HAL_Driver/Src/stm32h7xx_hal_uart_ex.c.obj
                0x08009242                HAL_UARTEx_SetRxFifoThreshold
 .text.FMC_SDRAM_Init
                0x0800928c       0x6e CMakeFiles/h743.elf.dir/Drivers/STM32H7xx_HAL_Driver/Src/stm32h7xx_ll_fmc.c.obj
                0x0800928c                FMC_SDRAM_Init
 *fill*         0x080092fa        0x2 
 .text.FMC_SDRAM_Timing_Init
                0x080092fc       0xa8 CMakeFiles/h743.elf.dir/Drivers/STM32H7xx_HAL_Driver/Src/stm32h7xx_ll_fmc.c.obj
                0x080092fc                FMC_SDRAM_Timing_Init
 .text.FMC_SDRAM_SendCommand
                0x080093a4       0x28 CMakeFiles/h743.elf.dir/Drivers/STM32H7xx_HAL_Driver/Src/stm32h7xx_ll_fmc.c.obj
                0x080093a4                FMC_SDRAM_SendCommand
 .text.FMC_SDRAM_ProgramRefreshRate
                0x080093cc       0x10 CMakeFiles/h743.elf.dir/Drivers/STM32H7xx_HAL_Driver/Src/stm32h7xx_ll_fmc.c.obj
                0x080093cc                FMC_SDRAM_ProgramRefreshRate
 .text.SDMMC_GetCmdError
                0x080093dc       0x40 CMakeFiles/h743.elf.dir/Drivers/STM32H7xx_HAL_Driver/Src/stm32h7xx_ll_sdmmc.c.obj
 .text.SDMMC_Init
                0x0800941c       0x30 CMakeFiles/h743.elf.dir/Drivers/STM32H7xx_HAL_Driver/Src/stm32h7xx_ll_sdmmc.c.obj
                0x0800941c                SDMMC_Init
 .text.SDMMC_ReadFIFO
                0x0800944c        0x6 CMakeFiles/h743.elf.dir/Drivers/STM32H7xx_HAL_Driver/Src/stm32h7xx_ll_sdmmc.c.obj
                0x0800944c                SDMMC_ReadFIFO
 .text.SDMMC_WriteFIFO
                0x08009452        0xa CMakeFiles/h743.elf.dir/Drivers/STM32H7xx_HAL_Driver/Src/stm32h7xx_ll_sdmmc.c.obj
                0x08009452                SDMMC_WriteFIFO
 .text.SDMMC_PowerState_ON
                0x0800945c        0xc CMakeFiles/h743.elf.dir/Drivers/STM32H7xx_HAL_Driver/Src/stm32h7xx_ll_sdmmc.c.obj
                0x0800945c                SDMMC_PowerState_ON
 .text.SDMMC_GetPowerState
                0x08009468        0x8 CMakeFiles/h743.elf.dir/Drivers/STM32H7xx_HAL_Driver/Src/stm32h7xx_ll_sdmmc.c.obj
                0x08009468                SDMMC_GetPowerState
 .text.SDMMC_SendCommand
                0x08009470       0x24 CMakeFiles/h743.elf.dir/Drivers/STM32H7xx_HAL_Driver/Src/stm32h7xx_ll_sdmmc.c.obj
                0x08009470                SDMMC_SendCommand
 .text.SDMMC_GetCommandResponse
                0x08009494        0x6 CMakeFiles/h743.elf.dir/Drivers/STM32H7xx_HAL_Driver/Src/stm32h7xx_ll_sdmmc.c.obj
                0x08009494                SDMMC_GetCommandResponse
 .text.SDMMC_GetResponse
                0x0800949a        0x6 CMakeFiles/h743.elf.dir/Drivers/STM32H7xx_HAL_Driver/Src/stm32h7xx_ll_sdmmc.c.obj
                0x0800949a                SDMMC_GetResponse
 .text.SDMMC_ConfigData
                0x080094a0       0x24 CMakeFiles/h743.elf.dir/Drivers/STM32H7xx_HAL_Driver/Src/stm32h7xx_ll_sdmmc.c.obj
                0x080094a0                SDMMC_ConfigData
 .text.SDMMC_CmdGoIdleState
                0x080094c4       0x26 CMakeFiles/h743.elf.dir/Drivers/STM32H7xx_HAL_Driver/Src/stm32h7xx_ll_sdmmc.c.obj
                0x080094c4                SDMMC_CmdGoIdleState
 *fill*         0x080094ea        0x2 
 .text.SDMMC_GetCmdResp1
                0x080094ec      0x160 CMakeFiles/h743.elf.dir/Drivers/STM32H7xx_HAL_Driver/Src/stm32h7xx_ll_sdmmc.c.obj
                0x080094ec                SDMMC_GetCmdResp1
 .text.SDMMC_CmdBlockLength
                0x0800964c       0x32 CMakeFiles/h743.elf.dir/Drivers/STM32H7xx_HAL_Driver/Src/stm32h7xx_ll_sdmmc.c.obj
                0x0800964c                SDMMC_CmdBlockLength
 .text.SDMMC_CmdReadSingleBlock
                0x0800967e       0x32 CMakeFiles/h743.elf.dir/Drivers/STM32H7xx_HAL_Driver/Src/stm32h7xx_ll_sdmmc.c.obj
                0x0800967e                SDMMC_CmdReadSingleBlock
 .text.SDMMC_CmdReadMultiBlock
                0x080096b0       0x32 CMakeFiles/h743.elf.dir/Drivers/STM32H7xx_HAL_Driver/Src/stm32h7xx_ll_sdmmc.c.obj
                0x080096b0                SDMMC_CmdReadMultiBlock
 .text.SDMMC_CmdWriteSingleBlock
                0x080096e2       0x32 CMakeFiles/h743.elf.dir/Drivers/STM32H7xx_HAL_Driver/Src/stm32h7xx_ll_sdmmc.c.obj
                0x080096e2                SDMMC_CmdWriteSingleBlock
 .text.SDMMC_CmdWriteMultiBlock
                0x08009714       0x32 CMakeFiles/h743.elf.dir/Drivers/STM32H7xx_HAL_Driver/Src/stm32h7xx_ll_sdmmc.c.obj
                0x08009714                SDMMC_CmdWriteMultiBlock
 *fill*         0x08009746        0x2 
 .text.SDMMC_CmdStopTransfer
                0x08009748       0x58 CMakeFiles/h743.elf.dir/Drivers/STM32H7xx_HAL_Driver/Src/stm32h7xx_ll_sdmmc.c.obj
                0x08009748                SDMMC_CmdStopTransfer
 .text.SDMMC_CmdSelDesel
                0x080097a0       0x32 CMakeFiles/h743.elf.dir/Drivers/STM32H7xx_HAL_Driver/Src/stm32h7xx_ll_sdmmc.c.obj
                0x080097a0                SDMMC_CmdSelDesel
 .text.SDMMC_CmdAppCommand
                0x080097d2       0x32 CMakeFiles/h743.elf.dir/Drivers/STM32H7xx_HAL_Driver/Src/stm32h7xx_ll_sdmmc.c.obj
                0x080097d2                SDMMC_CmdAppCommand
 .text.SDMMC_CmdBusWidth
                0x08009804       0x32 CMakeFiles/h743.elf.dir/Drivers/STM32H7xx_HAL_Driver/Src/stm32h7xx_ll_sdmmc.c.obj
                0x08009804                SDMMC_CmdBusWidth
 .text.SDMMC_CmdSendSCR
                0x08009836       0x32 CMakeFiles/h743.elf.dir/Drivers/STM32H7xx_HAL_Driver/Src/stm32h7xx_ll_sdmmc.c.obj
                0x08009836                SDMMC_CmdSendSCR
 .text.SDMMC_CmdSendStatus
                0x08009868       0x32 CMakeFiles/h743.elf.dir/Drivers/STM32H7xx_HAL_Driver/Src/stm32h7xx_ll_sdmmc.c.obj
                0x08009868                SDMMC_CmdSendStatus
 .text.SDMMC_CmdStatusRegister
                0x0800989a       0x32 CMakeFiles/h743.elf.dir/Drivers/STM32H7xx_HAL_Driver/Src/stm32h7xx_ll_sdmmc.c.obj
                0x0800989a                SDMMC_CmdStatusRegister
 .text.SDMMC_CmdSwitch
                0x080098cc       0x32 CMakeFiles/h743.elf.dir/Drivers/STM32H7xx_HAL_Driver/Src/stm32h7xx_ll_sdmmc.c.obj
                0x080098cc                SDMMC_CmdSwitch
 *fill*         0x080098fe        0x2 
 .text.SDMMC_GetCmdResp2
                0x08009900       0x60 CMakeFiles/h743.elf.dir/Drivers/STM32H7xx_HAL_Driver/Src/stm32h7xx_ll_sdmmc.c.obj
                0x08009900                SDMMC_GetCmdResp2
 .text.SDMMC_CmdSendCID
                0x08009960       0x2c CMakeFiles/h743.elf.dir/Drivers/STM32H7xx_HAL_Driver/Src/stm32h7xx_ll_sdmmc.c.obj
                0x08009960                SDMMC_CmdSendCID
 .text.SDMMC_CmdSendCSD
                0x0800998c       0x2c CMakeFiles/h743.elf.dir/Drivers/STM32H7xx_HAL_Driver/Src/stm32h7xx_ll_sdmmc.c.obj
                0x0800998c                SDMMC_CmdSendCSD
 .text.SDMMC_GetCmdResp3
                0x080099b8       0x54 CMakeFiles/h743.elf.dir/Drivers/STM32H7xx_HAL_Driver/Src/stm32h7xx_ll_sdmmc.c.obj
                0x080099b8                SDMMC_GetCmdResp3
 .text.SDMMC_CmdAppOperCommand
                0x08009a0c       0x2c CMakeFiles/h743.elf.dir/Drivers/STM32H7xx_HAL_Driver/Src/stm32h7xx_ll_sdmmc.c.obj
                0x08009a0c                SDMMC_CmdAppOperCommand
 .text.SDMMC_GetCmdResp6
                0x08009a38       0xa8 CMakeFiles/h743.elf.dir/Drivers/STM32H7xx_HAL_Driver/Src/stm32h7xx_ll_sdmmc.c.obj
                0x08009a38                SDMMC_GetCmdResp6
 .text.SDMMC_CmdSetRelAdd
                0x08009ae0       0x32 CMakeFiles/h743.elf.dir/Drivers/STM32H7xx_HAL_Driver/Src/stm32h7xx_ll_sdmmc.c.obj
                0x08009ae0                SDMMC_CmdSetRelAdd
 *fill*         0x08009b12        0x2 
 .text.SDMMC_GetCmdResp7
                0x08009b14       0x68 CMakeFiles/h743.elf.dir/Drivers/STM32H7xx_HAL_Driver/Src/stm32h7xx_ll_sdmmc.c.obj
                0x08009b14                SDMMC_GetCmdResp7
 .text.SDMMC_CmdOperCond
                0x08009b7c       0x30 CMakeFiles/h743.elf.dir/Drivers/STM32H7xx_HAL_Driver/Src/stm32h7xx_ll_sdmmc.c.obj
                0x08009b7c                SDMMC_CmdOperCond
 .text.USB_CoreReset
                0x08009bac       0x58 CMakeFiles/h743.elf.dir/Drivers/STM32H7xx_HAL_Driver/Src/stm32h7xx_ll_usb.c.obj
 .text.USB_CoreInit
                0x08009c04       0xac CMakeFiles/h743.elf.dir/Drivers/STM32H7xx_HAL_Driver/Src/stm32h7xx_ll_usb.c.obj
                0x08009c04                USB_CoreInit
 .text.USB_DisableGlobalInt
                0x08009cb0        0xc CMakeFiles/h743.elf.dir/Drivers/STM32H7xx_HAL_Driver/Src/stm32h7xx_ll_usb.c.obj
                0x08009cb0                USB_DisableGlobalInt
 .text.USB_FlushTxFifo
                0x08009cbc       0x4a CMakeFiles/h743.elf.dir/Drivers/STM32H7xx_HAL_Driver/Src/stm32h7xx_ll_usb.c.obj
                0x08009cbc                USB_FlushTxFifo
 .text.USB_FlushRxFifo
                0x08009d06       0x46 CMakeFiles/h743.elf.dir/Drivers/STM32H7xx_HAL_Driver/Src/stm32h7xx_ll_usb.c.obj
                0x08009d06                USB_FlushRxFifo
 .text.USB_SetDevSpeed
                0x08009d4c        0xe CMakeFiles/h743.elf.dir/Drivers/STM32H7xx_HAL_Driver/Src/stm32h7xx_ll_usb.c.obj
                0x08009d4c                USB_SetDevSpeed
 *fill*         0x08009d5a        0x2 
 .text.USB_DevInit
                0x08009d5c      0x198 CMakeFiles/h743.elf.dir/Drivers/STM32H7xx_HAL_Driver/Src/stm32h7xx_ll_usb.c.obj
                0x08009d5c                USB_DevInit
 .text.USB_DevDisconnect
                0x08009ef4       0x1c CMakeFiles/h743.elf.dir/Drivers/STM32H7xx_HAL_Driver/Src/stm32h7xx_ll_usb.c.obj
                0x08009ef4                USB_DevDisconnect
 .text.USB_GetMode
                0x08009f10        0x8 CMakeFiles/h743.elf.dir/Drivers/STM32H7xx_HAL_Driver/Src/stm32h7xx_ll_usb.c.obj
                0x08009f10                USB_GetMode
 .text.USB_SetCurrentMode
                0x08009f18       0x62 CMakeFiles/h743.elf.dir/Drivers/STM32H7xx_HAL_Driver/Src/stm32h7xx_ll_usb.c.obj
                0x08009f18                USB_SetCurrentMode
 *fill*         0x08009f7a        0x2 
 .text.tusb_rhport_init
                0x08009f7c       0x80 platform/libplatform.a(tusb.c.obj)
                0x08009f7c                tusb_rhport_init
 .text.tusb_int_handler
                0x08009ffc       0x1c platform/libplatform.a(tusb.c.obj)
                0x08009ffc                tusb_int_handler
 .text.tu_edpt_claim
                0x0800a018       0x3a platform/libplatform.a(tusb.c.obj)
                0x0800a018                tu_edpt_claim
 .text.tu_edpt_release
                0x0800a052       0x26 platform/libplatform.a(tusb.c.obj)
                0x0800a052                tu_edpt_release
 .text.tu_edpt_validate
                0x0800a078       0xee platform/libplatform.a(tusb.c.obj)
                0x0800a078                tu_edpt_validate
 .text.tu_edpt_stream_init
                0x0800a166       0x2e platform/libplatform.a(tusb.c.obj)
                0x0800a166                tu_edpt_stream_init
 .text.tu_edpt_stream_deinit
                0x0800a194        0x4 platform/libplatform.a(tusb.c.obj)
                0x0800a194                tu_edpt_stream_deinit
 .text.tu_edpt_stream_write_zlp_if_needed
                0x0800a198       0x7e platform/libplatform.a(tusb.c.obj)
                0x0800a198                tu_edpt_stream_write_zlp_if_needed
 .text.tu_edpt_stream_write_xfer
                0x0800a216       0x80 platform/libplatform.a(tusb.c.obj)
                0x0800a216                tu_edpt_stream_write_xfer
 .text.tu_edpt_stream_read_xfer
                0x0800a296       0xfe platform/libplatform.a(tusb.c.obj)
                0x0800a296                tu_edpt_stream_read_xfer
 .text.advance_index
                0x0800a394       0x1a platform/libplatform.a(tusb_fifo.c.obj)
 .text._ff_pull_const_addr
                0x0800a3ae       0x32 platform/libplatform.a(tusb_fifo.c.obj)
 .text._ff_pull_n
                0x0800a3e0      0x110 platform/libplatform.a(tusb_fifo.c.obj)
 .text._tu_fifo_peek_n
                0x0800a4f0       0x6c platform/libplatform.a(tusb_fifo.c.obj)
 .text._tu_fifo_read_n
                0x0800a55c       0x36 platform/libplatform.a(tusb_fifo.c.obj)
 .text._ff_push_const_addr
                0x0800a592       0x34 platform/libplatform.a(tusb_fifo.c.obj)
 .text._ff_push_n
                0x0800a5c6      0x10c platform/libplatform.a(tusb_fifo.c.obj)
 .text._tu_fifo_write_n
                0x0800a6d2       0xe6 platform/libplatform.a(tusb_fifo.c.obj)
 .text.tu_fifo_config
                0x0800a7b8       0x2c platform/libplatform.a(tusb_fifo.c.obj)
                0x0800a7b8                tu_fifo_config
 .text.tu_fifo_count
                0x0800a7e4       0x28 platform/libplatform.a(tusb_fifo.c.obj)
                0x0800a7e4                tu_fifo_count
 .text.tu_fifo_full
                0x0800a80c       0x28 platform/libplatform.a(tusb_fifo.c.obj)
                0x0800a80c                tu_fifo_full
 .text.tu_fifo_remaining
                0x0800a834       0x2c platform/libplatform.a(tusb_fifo.c.obj)
                0x0800a834                tu_fifo_remaining
 .text.tu_fifo_read_n
                0x0800a860        0xa platform/libplatform.a(tusb_fifo.c.obj)
                0x0800a860                tu_fifo_read_n
 .text.tu_fifo_read_n_const_addr_full_words
                0x0800a86a        0xa platform/libplatform.a(tusb_fifo.c.obj)
                0x0800a86a                tu_fifo_read_n_const_addr_full_words
 .text.tu_fifo_write
                0x0800a874       0x48 platform/libplatform.a(tusb_fifo.c.obj)
                0x0800a874                tu_fifo_write
 .text.tu_fifo_write_n
                0x0800a8bc        0xa platform/libplatform.a(tusb_fifo.c.obj)
                0x0800a8bc                tu_fifo_write_n
 .text.tu_fifo_write_n_const_addr_full_words
                0x0800a8c6        0xa platform/libplatform.a(tusb_fifo.c.obj)
                0x0800a8c6                tu_fifo_write_n_const_addr_full_words
 .text.tu_fifo_clear
                0x0800a8d0        0xa platform/libplatform.a(tusb_fifo.c.obj)
                0x0800a8d0                tu_fifo_clear
 .text.tud_vendor_control_xfer_cb
                0x0800a8da        0x4 platform/libplatform.a(usbd.c.obj)
                0x0800a8da                tud_vendor_control_xfer_cb
 *fill*         0x0800a8de        0x2 
 .text.usbd_int_set
                0x0800a8e0       0x1c platform/libplatform.a(usbd.c.obj)
                0x0800a8e0                usbd_int_set
 .text.tud_event_hook_cb
                0x0800a8fc        0x2 platform/libplatform.a(usbd.c.obj)
                0x0800a8fc                tud_event_hook_cb
 .text.usbd_app_driver_get_cb
                0x0800a8fe        0x8 platform/libplatform.a(usbd.c.obj)
                0x0800a8fe                usbd_app_driver_get_cb
 *fill*         0x0800a906        0x2 
 .text.tud_inited
                0x0800a908       0x10 platform/libplatform.a(usbd.c.obj)
                0x0800a908                tud_inited
 .text.tud_rhport_init
                0x0800a918      0x104 platform/libplatform.a(usbd.c.obj)
                0x0800a918                tud_rhport_init
 .text.dcd_event_handler
                0x0800aa1c      0x294 platform/libplatform.a(usbd.c.obj)
                0x0800aa1c                dcd_event_handler
 .text.usbd_spin_lock
                0x0800acb0       0x20 platform/libplatform.a(usbd.c.obj)
                0x0800acb0                usbd_spin_lock
 .text.usbd_spin_unlock
                0x0800acd0       0x20 platform/libplatform.a(usbd.c.obj)
                0x0800acd0                usbd_spin_unlock
 .text.usbd_edpt_open
                0x0800acf0       0x5c platform/libplatform.a(usbd.c.obj)
                0x0800acf0                usbd_edpt_open
 .text.usbd_open_edpt_pair
                0x0800ad4c       0x7a platform/libplatform.a(usbd.c.obj)
                0x0800ad4c                usbd_open_edpt_pair
 *fill*         0x0800adc6        0x2 
 .text.usbd_edpt_claim
                0x0800adc8       0x20 platform/libplatform.a(usbd.c.obj)
                0x0800adc8                usbd_edpt_claim
 .text.usbd_edpt_release
                0x0800ade8       0x20 platform/libplatform.a(usbd.c.obj)
                0x0800ade8                usbd_edpt_release
 .text.usbd_edpt_xfer
                0x0800ae08       0x94 platform/libplatform.a(usbd.c.obj)
                0x0800ae08                usbd_edpt_xfer
 .text.usbd_edpt_busy
                0x0800ae9c       0x1c platform/libplatform.a(usbd.c.obj)
                0x0800ae9c                usbd_edpt_busy
 .text.usbd_edpt_stall
                0x0800aeb8       0x3c platform/libplatform.a(usbd.c.obj)
                0x0800aeb8                usbd_edpt_stall
 .text.usbd_edpt_stalled
                0x0800aef4       0x1c platform/libplatform.a(usbd.c.obj)
                0x0800aef4                usbd_edpt_stalled
 .text.status_stage_xact
                0x0800af10       0x1a platform/libplatform.a(usbd_control.c.obj)
 *fill*         0x0800af2a        0x2 
 .text.data_stage_xact
                0x0800af2c       0x68 platform/libplatform.a(usbd_control.c.obj)
 .text.tud_control_status
                0x0800af94       0x28 platform/libplatform.a(usbd_control.c.obj)
                0x0800af94                tud_control_status
 .text.tud_control_xfer
                0x0800afbc       0x84 platform/libplatform.a(usbd_control.c.obj)
                0x0800afbc                tud_control_xfer
 .text.tud_vendor_rx_cb
                0x0800b040        0x2 platform/libplatform.a(vendor_device.c.obj)
                0x0800b040                tud_vendor_rx_cb
 .text.tud_vendor_tx_cb
                0x0800b042        0x2 platform/libplatform.a(vendor_device.c.obj)
                0x0800b042                tud_vendor_tx_cb
 .text.tud_vendor_n_mounted
                0x0800b044       0x30 platform/libplatform.a(vendor_device.c.obj)
                0x0800b044                tud_vendor_n_mounted
 .text.vendord_init
                0x0800b074       0x84 platform/libplatform.a(vendor_device.c.obj)
                0x0800b074                vendord_init
 .text.vendord_deinit
                0x0800b0f8       0x30 platform/libplatform.a(vendor_device.c.obj)
                0x0800b0f8                vendord_deinit
 .text.vendord_reset
                0x0800b128       0x44 platform/libplatform.a(vendor_device.c.obj)
                0x0800b128                vendord_reset
 .text.vendord_open
                0x0800b16c      0x114 platform/libplatform.a(vendor_device.c.obj)
                0x0800b16c                vendord_open
 .text.vendord_xfer_cb
                0x0800b280       0xa4 platform/libplatform.a(vendor_device.c.obj)
                0x0800b280                vendord_xfer_cb
 .text.proc_bot_reset
                0x0800b324       0x18 platform/libplatform.a(msc_device.c.obj)
 .text.proc_stage_status
                0x0800b33c       0x7c platform/libplatform.a(msc_device.c.obj)
 .text.rdwr10_validate_cmd
                0x0800b3b8       0x72 platform/libplatform.a(msc_device.c.obj)
 .text.tud_msc_inquiry2_cb
                0x0800b42a        0x4 platform/libplatform.a(msc_device.c.obj)
                0x0800b42a                tud_msc_inquiry2_cb
 .text.tud_msc_read10_complete_cb
                0x0800b42e        0x2 platform/libplatform.a(msc_device.c.obj)
                0x0800b42e                tud_msc_read10_complete_cb
 .text.tud_msc_write10_complete_cb
                0x0800b430        0x2 platform/libplatform.a(msc_device.c.obj)
                0x0800b430                tud_msc_write10_complete_cb
 .text.tud_msc_scsi_complete_cb
                0x0800b432        0x2 platform/libplatform.a(msc_device.c.obj)
                0x0800b432                tud_msc_scsi_complete_cb
 .text.tud_msc_prevent_allow_medium_removal_cb
                0x0800b434        0x4 platform/libplatform.a(msc_device.c.obj)
                0x0800b434                tud_msc_prevent_allow_medium_removal_cb
 .text.tud_msc_request_sense_cb
                0x0800b438        0x4 platform/libplatform.a(msc_device.c.obj)
                0x0800b438                tud_msc_request_sense_cb
 .text.tud_msc_set_sense
                0x0800b43c       0x18 platform/libplatform.a(msc_device.c.obj)
                0x0800b43c                tud_msc_set_sense
 .text.fail_scsi_op
                0x0800b454       0x52 platform/libplatform.a(msc_device.c.obj)
 *fill*         0x0800b4a6        0x2 
 .text.proc_read_io_data
                0x0800b4a8       0x74 platform/libplatform.a(msc_device.c.obj)
 .text.proc_read10_cmd
                0x0800b51c       0x64 platform/libplatform.a(msc_device.c.obj)
 .text.proc_write10_cmd
                0x0800b580       0x58 platform/libplatform.a(msc_device.c.obj)
 .text.proc_write_io_data
                0x0800b5d8       0x84 platform/libplatform.a(msc_device.c.obj)
 .text.proc_write10_host_data
                0x0800b65c       0x60 platform/libplatform.a(msc_device.c.obj)
 .text.proc_builtin_scsi
                0x0800b6bc      0x300 platform/libplatform.a(msc_device.c.obj)
 .text.mscd_init
                0x0800b9bc       0x14 platform/libplatform.a(msc_device.c.obj)
                0x0800b9bc                mscd_init
 .text.mscd_reset
                0x0800b9d0       0x14 platform/libplatform.a(msc_device.c.obj)
                0x0800b9d0                mscd_reset
 .text.mscd_open
                0x0800b9e4       0xac platform/libplatform.a(msc_device.c.obj)
                0x0800b9e4                mscd_open
 .text.mscd_control_xfer_cb
                0x0800ba90      0x164 platform/libplatform.a(msc_device.c.obj)
                0x0800ba90                mscd_control_xfer_cb
 .text.mscd_xfer_cb
                0x0800bbf4      0x308 platform/libplatform.a(msc_device.c.obj)
                0x0800bbf4                mscd_xfer_cb
 .text.__NVIC_EnableIRQ
                0x0800befc       0x1c platform/libplatform.a(dcd_dwc2.c.obj)
 .text.__NVIC_DisableIRQ
                0x0800bf18       0x24 platform/libplatform.a(dcd_dwc2.c.obj)
 .text.dfifo_alloc
                0x0800bf3c      0x108 platform/libplatform.a(dcd_dwc2.c.obj)
 .text.dfifo_device_init
                0x0800c044       0x44 platform/libplatform.a(dcd_dwc2.c.obj)
 .text.edpt_activate
                0x0800c088       0xbc platform/libplatform.a(dcd_dwc2.c.obj)
 .text.edpt_disable
                0x0800c144      0x134 platform/libplatform.a(dcd_dwc2.c.obj)
 .text.handle_bus_reset
                0x0800c278      0x104 platform/libplatform.a(dcd_dwc2.c.obj)
 .text.epin_write_tx_fifo
                0x0800c37c       0xa8 platform/libplatform.a(dcd_dwc2.c.obj)
 .text.edpt_schedule_packets
                0x0800c424       0xfc platform/libplatform.a(dcd_dwc2.c.obj)
 .text.handle_enum_done
                0x0800c520       0x4c platform/libplatform.a(dcd_dwc2.c.obj)
 .text.handle_epin_slave
                0x0800c56c       0xac platform/libplatform.a(dcd_dwc2.c.obj)
 .text.handle_incomplete_iso_in
                0x0800c618       0xd8 platform/libplatform.a(dcd_dwc2.c.obj)
 .text.handle_epout_slave
                0x0800c6f0       0xac platform/libplatform.a(dcd_dwc2.c.obj)
 .text.handle_ep_irq
                0x0800c79c       0x88 platform/libplatform.a(dcd_dwc2.c.obj)
 .text.handle_rxflvl_irq
                0x0800c824       0xb8 platform/libplatform.a(dcd_dwc2.c.obj)
 .text.dcd_int_enable
                0x0800c8dc       0x18 platform/libplatform.a(dcd_dwc2.c.obj)
                0x0800c8dc                dcd_int_enable
 .text.dcd_int_disable
                0x0800c8f4       0x18 platform/libplatform.a(dcd_dwc2.c.obj)
                0x0800c8f4                dcd_int_disable
 .text.dcd_connect
                0x0800c90c       0x20 platform/libplatform.a(dcd_dwc2.c.obj)
                0x0800c90c                dcd_connect
 .text.dcd_disconnect
                0x0800c92c       0x20 platform/libplatform.a(dcd_dwc2.c.obj)
                0x0800c92c                dcd_disconnect
 .text.dcd_init
                0x0800c94c       0xb4 platform/libplatform.a(dcd_dwc2.c.obj)
                0x0800c94c                dcd_init
 .text.dcd_edpt_open
                0x0800ca00       0x34 platform/libplatform.a(dcd_dwc2.c.obj)
                0x0800ca00                dcd_edpt_open
 .text.dcd_edpt_xfer
                0x0800ca34       0x68 platform/libplatform.a(dcd_dwc2.c.obj)
                0x0800ca34                dcd_edpt_xfer
 .text.dcd_edpt_stall
                0x0800ca9c       0x30 platform/libplatform.a(dcd_dwc2.c.obj)
                0x0800ca9c                dcd_edpt_stall
 .text.dcd_int_handler
                0x0800cacc      0x174 platform/libplatform.a(dcd_dwc2.c.obj)
                0x0800cacc                dcd_int_handler
 .text.dwc2_phy_init
                0x0800cc40       0x4c platform/libplatform.a(dwc2_common.c.obj)
 .text.dwc2_phy_update
                0x0800cc8c       0x9c platform/libplatform.a(dwc2_common.c.obj)
 .text.reset_core
                0x0800cd28       0x44 platform/libplatform.a(dwc2_common.c.obj)
 .text.phy_fs_init
                0x0800cd6c       0x2c platform/libplatform.a(dwc2_common.c.obj)
 .text.phy_hs_init
                0x0800cd98       0x74 platform/libplatform.a(dwc2_common.c.obj)
 .text.check_dwc2
                0x0800ce0c       0x40 platform/libplatform.a(dwc2_common.c.obj)
 .text.dwc2_core_is_highspeed
                0x0800ce4c       0x16 platform/libplatform.a(dwc2_common.c.obj)
                0x0800ce4c                dwc2_core_is_highspeed
 *fill*         0x0800ce62        0x2 
 .text.dwc2_core_init
                0x0800ce64       0xa0 platform/libplatform.a(dwc2_common.c.obj)
                0x0800ce64                dwc2_core_init
 .text.dfifo_read_packet
                0x0800cf04       0x48 platform/libplatform.a(dwc2_common.c.obj)
                0x0800cf04                dfifo_read_packet
 .text.dfifo_write_packet
                0x0800cf4c       0x52 platform/libplatform.a(dwc2_common.c.obj)
                0x0800cf4c                dfifo_write_packet
 .text.OTG_FS_IRQHandler
                0x0800cf9e        0xc platform/libplatform.a(family.c.obj)
                0x0800cf9e                OTG_FS_IRQHandler
 .text.block_size
                0x0800cfaa        0x8 platform/libplatform.a(tlsf.c.obj)
 .text.block_set_size
                0x0800cfb2        0xc platform/libplatform.a(tlsf.c.obj)
 .text.block_is_last
                0x0800cfbe        0xe platform/libplatform.a(tlsf.c.obj)
 .text.block_is_free
                0x0800cfcc        0x8 platform/libplatform.a(tlsf.c.obj)
 .text.block_set_free
                0x0800cfd4        0xa platform/libplatform.a(tlsf.c.obj)
 .text.block_set_used
                0x0800cfde        0xa platform/libplatform.a(tlsf.c.obj)
 .text.block_is_prev_free
                0x0800cfe8        0x8 platform/libplatform.a(tlsf.c.obj)
 .text.block_set_prev_free
                0x0800cff0        0xa platform/libplatform.a(tlsf.c.obj)
 .text.block_set_prev_used
                0x0800cffa        0xa platform/libplatform.a(tlsf.c.obj)
 .text.block_from_ptr
                0x0800d004        0x4 platform/libplatform.a(tlsf.c.obj)
 .text.block_to_ptr
                0x0800d008        0x4 platform/libplatform.a(tlsf.c.obj)
 .text.offset_to_block
                0x0800d00c        0x4 platform/libplatform.a(tlsf.c.obj)
 .text.block_can_split
                0x0800d010       0x16 platform/libplatform.a(tlsf.c.obj)
 .text.control_construct
                0x0800d026       0x32 platform/libplatform.a(tlsf.c.obj)
 .text.block_next
                0x0800d058       0x40 platform/libplatform.a(tlsf.c.obj)
 .text.block_link_next
                0x0800d098        0xc platform/libplatform.a(tlsf.c.obj)
 .text.block_mark_as_free
                0x0800d0a4       0x14 platform/libplatform.a(tlsf.c.obj)
 .text.block_mark_as_used
                0x0800d0b8       0x14 platform/libplatform.a(tlsf.c.obj)
 .text.align_down
                0x0800d0cc       0x28 platform/libplatform.a(tlsf.c.obj)
 .text.align_ptr
                0x0800d0f4       0x2c platform/libplatform.a(tlsf.c.obj)
 .text.insert_free_block
                0x0800d120       0x9c platform/libplatform.a(tlsf.c.obj)
 .text.remove_free_block
                0x0800d1bc       0x98 platform/libplatform.a(tlsf.c.obj)
 .text.align_up
                0x0800d254       0x2c platform/libplatform.a(tlsf.c.obj)
 .text.adjust_request_size
                0x0800d280       0x1c platform/libplatform.a(tlsf.c.obj)
 .text.block_split
                0x0800d29c       0xa0 platform/libplatform.a(tlsf.c.obj)
 .text.block_prev
                0x0800d33c       0x28 platform/libplatform.a(tlsf.c.obj)
 .text.block_absorb
                0x0800d364       0x40 platform/libplatform.a(tlsf.c.obj)
 .text.tlsf_fls
                0x0800d3a4        0xe platform/libplatform.a(tlsf.c.obj)
 .text.mapping_insert
                0x0800d3b2       0x30 platform/libplatform.a(tlsf.c.obj)
 .text.block_insert
                0x0800d3e2       0x26 platform/libplatform.a(tlsf.c.obj)
 .text.block_trim_free
                0x0800d408       0x58 platform/libplatform.a(tlsf.c.obj)
 .text.block_prepare_used
                0x0800d460       0x38 platform/libplatform.a(tlsf.c.obj)
 .text.block_remove
                0x0800d498       0x26 platform/libplatform.a(tlsf.c.obj)
 *fill*         0x0800d4be        0x2 
 .text.block_merge_prev
                0x0800d4c0       0x64 platform/libplatform.a(tlsf.c.obj)
 .text.block_merge_next
                0x0800d524       0x60 platform/libplatform.a(tlsf.c.obj)
 .text.mapping_search
                0x0800d584       0x26 platform/libplatform.a(tlsf.c.obj)
 .text.tlsf_ffs
                0x0800d5aa       0x12 platform/libplatform.a(tlsf.c.obj)
 .text.search_suitable_block
                0x0800d5bc       0x74 platform/libplatform.a(tlsf.c.obj)
 .text.block_locate_free
                0x0800d630       0x70 platform/libplatform.a(tlsf.c.obj)
 .text.tlsf_size
                0x0800d6a0        0x6 platform/libplatform.a(tlsf.c.obj)
                0x0800d6a0                tlsf_size
 .text.tlsf_align_size
                0x0800d6a6        0x4 platform/libplatform.a(tlsf.c.obj)
                0x0800d6a6                tlsf_align_size
 .text.tlsf_block_size_min
                0x0800d6aa        0x4 platform/libplatform.a(tlsf.c.obj)
                0x0800d6aa                tlsf_block_size_min
 .text.tlsf_pool_overhead
                0x0800d6ae        0x4 platform/libplatform.a(tlsf.c.obj)
                0x0800d6ae                tlsf_pool_overhead
 *fill*         0x0800d6b2        0x2 
 .text.tlsf_add_pool
                0x0800d6b4       0x98 platform/libplatform.a(tlsf.c.obj)
                0x0800d6b4                tlsf_add_pool
 .text.tlsf_create
                0x0800d74c       0x24 platform/libplatform.a(tlsf.c.obj)
                0x0800d74c                tlsf_create
 .text.tlsf_create_with_pool
                0x0800d770       0x20 platform/libplatform.a(tlsf.c.obj)
                0x0800d770                tlsf_create_with_pool
 .text.tlsf_malloc
                0x0800d790       0x22 platform/libplatform.a(tlsf.c.obj)
                0x0800d790                tlsf_malloc
 *fill*         0x0800d7b2        0x2 
 .text.tlsf_free
                0x0800d7b4       0x50 platform/libplatform.a(tlsf.c.obj)
                0x0800d7b4                tlsf_free
 .text.ld_16    0x0800d804        0xa platform/libplatform.a(ff.c.obj)
 .text.ld_32    0x0800d80e       0x16 platform/libplatform.a(ff.c.obj)
 .text.st_16    0x0800d824        0x8 platform/libplatform.a(ff.c.obj)
 .text.st_32    0x0800d82c       0x14 platform/libplatform.a(ff.c.obj)
 .text.dbc_1st  0x0800d840        0x4 platform/libplatform.a(ff.c.obj)
 .text.dbc_2nd  0x0800d844        0x4 platform/libplatform.a(ff.c.obj)
 .text.tchar2uni
                0x0800d848       0xb0 platform/libplatform.a(ff.c.obj)
 .text.put_utf  0x0800d8f8       0xd4 platform/libplatform.a(ff.c.obj)
 .text.clst2sect
                0x0800d9cc       0x18 platform/libplatform.a(ff.c.obj)
 .text.ld_clust
                0x0800d9e4       0x26 platform/libplatform.a(ff.c.obj)
 .text.st_clust
                0x0800da0a       0x28 platform/libplatform.a(ff.c.obj)
 *fill*         0x0800da32        0x2 
 .text.pick_lfn
                0x0800da34       0x88 platform/libplatform.a(ff.c.obj)
 .text.put_lfn  0x0800dabc       0x78 platform/libplatform.a(ff.c.obj)
 .text.sum_sfn  0x0800db34       0x20 platform/libplatform.a(ff.c.obj)
 .text.get_ldnumber
                0x0800db54       0x5c platform/libplatform.a(ff.c.obj)
 .text.validate
                0x0800dbb0       0x46 platform/libplatform.a(ff.c.obj)
 .text.sync_window
                0x0800dbf6       0x48 platform/libplatform.a(ff.c.obj)
 .text.move_window
                0x0800dc3e       0x3c platform/libplatform.a(ff.c.obj)
 *fill*         0x0800dc7a        0x2 
 .text.check_fs
                0x0800dc7c       0xd8 platform/libplatform.a(ff.c.obj)
 .text.find_volume
                0x0800dd54       0x84 platform/libplatform.a(ff.c.obj)
 .text.mount_volume
                0x0800ddd8      0x2b8 platform/libplatform.a(ff.c.obj)
 .text.put_fat  0x0800e090      0x10c platform/libplatform.a(ff.c.obj)
 .text.get_fat  0x0800e19c       0xd2 platform/libplatform.a(ff.c.obj)
 .text.dir_sdi  0x0800e26e       0xac platform/libplatform.a(ff.c.obj)
 .text.create_chain
                0x0800e31a      0x12a platform/libplatform.a(ff.c.obj)
 .text.remove_chain
                0x0800e444       0x7e platform/libplatform.a(ff.c.obj)
 .text.dir_clear
                0x0800e4c2       0x52 platform/libplatform.a(ff.c.obj)
 .text.dir_next
                0x0800e514       0xc4 platform/libplatform.a(ff.c.obj)
 .text.dir_alloc
                0x0800e5d8       0x4e platform/libplatform.a(ff.c.obj)
 .text.dir_read
                0x0800e626       0xb8 platform/libplatform.a(ff.c.obj)
 .text.dir_remove
                0x0800e6de       0x52 platform/libplatform.a(ff.c.obj)
 .text.create_name
                0x0800e730      0x26c platform/libplatform.a(ff.c.obj)
 .text.cmp_lfn  0x0800e99c       0xa4 platform/libplatform.a(ff.c.obj)
 .text.dir_find
                0x0800ea40       0xe6 platform/libplatform.a(ff.c.obj)
 .text.follow_path
                0x0800eb26       0x8c platform/libplatform.a(ff.c.obj)
 .text.gen_numname
                0x0800ebb2       0xcc platform/libplatform.a(ff.c.obj)
 *fill*         0x0800ec7e        0x2 
 .text.dir_register
                0x0800ec80      0x144 platform/libplatform.a(ff.c.obj)
 .text.sync_fs  0x0800edc4       0x90 platform/libplatform.a(ff.c.obj)
 .text.get_fileinfo
                0x0800ee54      0x1a8 platform/libplatform.a(ff.c.obj)
 .text.f_mount  0x0800effc       0x58 platform/libplatform.a(ff.c.obj)
                0x0800effc                f_mount
 .text.f_open   0x0800f054      0x23e platform/libplatform.a(ff.c.obj)
                0x0800f054                f_open
 .text.f_read   0x0800f292      0x1a4 platform/libplatform.a(ff.c.obj)
                0x0800f292                f_read
 .text.f_write  0x0800f436      0x1ec platform/libplatform.a(ff.c.obj)
                0x0800f436                f_write
 .text.f_sync   0x0800f622       0x96 platform/libplatform.a(ff.c.obj)
                0x0800f622                f_sync
 .text.f_close  0x0800f6b8       0x20 platform/libplatform.a(ff.c.obj)
                0x0800f6b8                f_close
 .text.f_lseek  0x0800f6d8      0x186 platform/libplatform.a(ff.c.obj)
                0x0800f6d8                f_lseek
 .text.f_stat   0x0800f85e       0x50 platform/libplatform.a(ff.c.obj)
                0x0800f85e                f_stat
 .text.f_unlink
                0x0800f8ae       0xc2 platform/libplatform.a(ff.c.obj)
                0x0800f8ae                f_unlink
 .text.ff_uni2oem
                0x0800f970       0x44 platform/libplatform.a(ffunicode.c.obj)
                0x0800f970                ff_uni2oem
 .text.ff_oem2uni
                0x0800f9b4       0x2c platform/libplatform.a(ffunicode.c.obj)
                0x0800f9b4                ff_oem2uni
 .text.ff_wtoupper
                0x0800f9e0       0xbc platform/libplatform.a(ffunicode.c.obj)
                0x0800f9e0                ff_wtoupper
 .text.disk_initialize
                0x0800fa9c        0xe platform/libplatform.a(diskio.c.obj)
                0x0800fa9c                disk_initialize
 .text.disk_status
                0x0800faaa        0xe platform/libplatform.a(diskio.c.obj)
                0x0800faaa                disk_status
 .text.disk_read
                0x0800fab8       0x14 platform/libplatform.a(diskio.c.obj)
                0x0800fab8                disk_read
 .text.disk_write
                0x0800facc       0x14 platform/libplatform.a(diskio.c.obj)
                0x0800facc                disk_write
 .text.disk_ioctl
                0x0800fae0       0x12 platform/libplatform.a(diskio.c.obj)
                0x0800fae0                disk_ioctl
 *fill*         0x0800faf2        0x2 
 .text.get_fattime
                0x0800faf4        0x8 platform/libplatform.a(fatfs_port.c.obj)
                0x0800faf4                get_fattime
 .text.fatfs_port_sd_init
                0x0800fafc       0x60 platform/libplatform.a(fatfs_port.c.obj)
                0x0800fafc                fatfs_port_sd_init
 .text.fatfs_port_sd_status
                0x0800fb5c       0x38 platform/libplatform.a(fatfs_port.c.obj)
                0x0800fb5c                fatfs_port_sd_status
 .text.fatfs_port_sd_read
                0x0800fb94       0x38 platform/libplatform.a(fatfs_port.c.obj)
                0x0800fb94                fatfs_port_sd_read
 .text.fatfs_port_dump_sector0
                0x0800fbcc       0xe8 platform/libplatform.a(fatfs_port.c.obj)
 .text.fatfs_port_sd_write
                0x0800fcb4       0x38 platform/libplatform.a(fatfs_port.c.obj)
                0x0800fcb4                fatfs_port_sd_write
 .text.fatfs_port_sd_ioctl
                0x0800fcec       0x4c platform/libplatform.a(fatfs_port.c.obj)
                0x0800fcec                fatfs_port_sd_ioctl
 .text.fatfs_port_init
                0x0800fd38       0x3c platform/libplatform.a(fatfs_port.c.obj)
                0x0800fd38                fatfs_port_init
 .text.vfs_to_fatfs_flags
                0x0800fd74       0x46 platform/libplatform.a(fatfs_port_vfs.c.obj)
 .text.fatfs_vfs_link
                0x0800fdba        0x6 platform/libplatform.a(fatfs_port_vfs.c.obj)
 .text.fatfs_vfs_fstat
                0x0800fdc0       0x1e platform/libplatform.a(fatfs_port_vfs.c.obj)
 .text.filinfo_to_stat
                0x0800fdde       0x2a platform/libplatform.a(fatfs_port_vfs.c.obj)
 .text.fatfs_vfs_stat
                0x0800fe08       0x22 platform/libplatform.a(fatfs_port_vfs.c.obj)
 .text.fatfs_vfs_unlink
                0x0800fe2a       0x10 platform/libplatform.a(fatfs_port_vfs.c.obj)
 .text.fatfs_vfs_lseek
                0x0800fe3a       0x30 platform/libplatform.a(fatfs_port_vfs.c.obj)
 .text.fatfs_vfs_write
                0x0800fe6a       0x18 platform/libplatform.a(fatfs_port_vfs.c.obj)
 .text.fatfs_vfs_read
                0x0800fe82       0x18 platform/libplatform.a(fatfs_port_vfs.c.obj)
 .text.fatfs_vfs_close
                0x0800fe9a       0x12 platform/libplatform.a(fatfs_port_vfs.c.obj)
 .text.fatfs_vfs_open
                0x0800feac       0x74 platform/libplatform.a(fatfs_port_vfs.c.obj)
 .text.fatfs_port_vfs_init
                0x0800ff20       0x84 platform/libplatform.a(fatfs_port_vfs.c.obj)
                0x0800ff20                fatfs_port_vfs_init
 .text.DMA2D_Wait
                0x0800ffa4       0x10 platform/libplatform.a(lcd.c.obj)
 .text.DMA2D_Fill
                0x0800ffb4       0x4c platform/libplatform.a(lcd.c.obj)
 .text.HAL_LTDC_MspInit